[11:12:21] A 720p cpu        total 2.599 ms (paint 0.877, submit 0, wait 0, readback 0) | no-readback 0.867 | first 6.755
[11:12:21] A 720p gpu-gl     total 3.071 ms (paint 0.094, submit 0.138, wait 0.034, readback 0.834) | no-readback 0.244 | first 19.443
[11:12:22] A 720p gpu-vulkan total 2.918 ms (paint 0.094, submit 0.08, wait 0.132, readback 0.8) | no-readback 0.322 | first 22.891
[11:12:22] A 1080p cpu        total 5.781 ms (paint 1.845, submit 0, wait 0, readback 0) | no-readback 1.861 | first 11.558
[11:12:22] A 1080p gpu-gl     total 7.07 ms (paint 0.112, submit 0.19, wait 0.045, readback 1.911) | no-readback 0.282 | first 22.735
[11:12:23] A 1080p gpu-vulkan total 6.082 ms (paint 0.098, submit 0.085, wait 0.15, readback 1.697) | no-readback 0.361 | first 27.247
[11:12:24] A 4K cpu        total 29.142 ms (paint 9.661, submit 0, wait 0, readback 0) | no-readback 8.404 | first 46.167
[11:12:25] A 4K gpu-gl     total 26.859 ms (paint 0.17, submit 0.227, wait 0.069, readback 6.498) | no-readback 0.261 | first 55.126
[11:12:26] A 4K gpu-vulkan total 28.965 ms (paint 0.178, submit 0.216, wait 0.124, readback 8.664) | no-readback 0.363 | first 59.897
[11:12:35] B 720p cpu        total 127.876 ms (paint 126.521, submit 0, wait 0, readback 0) | no-readback 125.211 | first 126.519
[11:12:38] B 720p gpu-gl     total 28.052 ms (paint 16.616, submit 7.598, wait 0.407, readback 0.927) | no-readback 24.269 | first 124.901
[11:12:42] B 720p gpu-vulkan total 26.294 ms (paint 17.389, submit 4.892, wait 1.001, readback 0.889) | no-readback 22.981 | first 116.101
[11:12:53] B 1080p cpu        total 210.516 ms (paint 205.797, submit 0, wait 0, readback 0) | no-readback 206.585 | first 216.321
[11:12:56] B 1080p gpu-gl     total 30.167 ms (paint 14.984, submit 7.7, wait 0.916, readback 1.894) | no-readback 23.542 | first 154.534
[11:13:00] B 1080p gpu-vulkan total 27.905 ms (paint 15.441, submit 4.681, wait 1.463, readback 1.805) | no-readback 21.534 | first 149.169
[11:13:21] B 4K cpu        total 569.781 ms (paint 554.898, submit 0, wait 0, readback 0) | no-readback 551.095 | first 609.129
[11:13:28] B 4K gpu-gl     total 152.666 ms (paint 17.842, submit 106.167, wait 1.484, readback 7.26) | no-readback 124.911 | first 249.266
[11:13:36] B 4K gpu-vulkan total 153.277 ms (paint 17.993, submit 100.127, wait 5.998, readback 8.894) | no-readback 142.722 | first 278.608
[11:13:46] C 720p cpu        total 116.574 ms (paint 115.13, submit 0, wait 0, readback 0) | no-readback 115.756 | first 119.576
[11:13:49] C 720p gpu-gl     total 6.764 ms (paint 2.01, submit 1.531, wait 0.307, readback 0.891) | no-readback 3.907 | first 29.684
[11:13:52] C 720p gpu-vulkan total 6.143 ms (paint 1.791, submit 0.703, wait 0.929, readback 0.863) | no-readback 3.508 | first 42.704
[11:14:07] C 1080p cpu        total 253.002 ms (paint 248.357, submit 0, wait 0, readback 0) | no-readback 249.656 | first 252.611
[11:14:11] C 1080p gpu-gl     total 12.095 ms (paint 3.614, submit 1.606, wait 0.484, readback 1.867) | no-readback 5.594 | first 40.983
[11:14:15] C 1080p gpu-vulkan total 11.409 ms (paint 3.027, submit 0.768, wait 1.438, readback 1.793) | no-readback 5.058 | first 54.758
[11:14:54] C 4K cpu        total 957.104 ms (paint 937.11, submit 0, wait 0, readback 0) | no-readback 934.86 | first 980.938
[11:15:03] C 4K gpu-gl     total 42.569 ms (paint 11.371, submit 2.502, wait 1.609, readback 6.855) | no-readback 14.521 | first 64.396
[11:15:13] C 4K gpu-vulkan total 42.37 ms (paint 8.229, submit 1.047, wait 3.875, readback 8.866) | no-readback 12.308 | first 96.707
[11:15:20] D 720p cpu        total 83.001 ms (paint 81.01, submit 0, wait 0, readback 0) | no-readback 79.726 | first 82.992
[11:15:23] D 720p gpu-gl     total 15.95 ms (paint 8.225, submit 3.807, wait 0.533, readback 0.933) | no-readback 12.134 | first 47.356
[11:15:26] D 720p gpu-vulkan total 12.817 ms (paint 6.069, submit 1.802, wait 2.119, readback 0.871) | no-readback 10.231 | first 78.679
[11:15:38] D 1080p cpu        total 205.12 ms (paint 200.741, submit 0, wait 0, readback 0) | no-readback 204.795 | first 227.913
[11:15:42] D 1080p gpu-gl     total 27.549 ms (paint 16.448, submit 3.955, wait 0.777, readback 1.85) | no-readback 21.062 | first 65.16
[11:15:46] D 1080p gpu-vulkan total 23.801 ms (paint 11.876, submit 2.038, wait 3.789, readback 1.803) | no-readback 18.165 | first 100.427
[11:16:11] D 4K cpu        total 661.824 ms (paint 642.063, submit 0, wait 0, readback 0) | no-readback 648.832 | first 665.376
[11:16:17] D 4K gpu-gl     total 83.763 ms (paint 48.762, submit 5.561, wait 2.382, readback 7.018) | no-readback 55.201 | first 133.212
[11:16:24] D 4K gpu-vulkan total 104.606 ms (paint 47.338, submit 4.359, wait 11.186, readback 20.729) | no-readback 57.141 | first 196.006
[11:16:33] E 720p cpu        total 98.502 ms (paint 97.033, submit 0, wait 0, readback 0) | no-readback 97.659 | first 101.869
[11:16:36] E 720p gpu-gl     total 22.315 ms (paint 12.09, submit 6.915, wait 0.26, readback 0.932) | no-readback 19.931 | first 75.795
[11:16:40] E 720p gpu-vulkan total 17.962 ms (paint 9.243, submit 3.2, wait 2.681, readback 0.861) | no-readback 14.927 | first 114.239
[11:16:50] E 1080p cpu        total 167.85 ms (paint 163.525, submit 0, wait 0, readback 0) | no-readback 166.395 | first 179.937
[11:16:54] E 1080p gpu-gl     total 32.426 ms (paint 17.525, submit 7.983, wait 0.346, readback 1.928) | no-readback 25.689 | first 97.182
[11:16:58] E 1080p gpu-vulkan total 27.251 ms (paint 13.591, submit 3.863, wait 3.527, readback 1.822) | no-readback 20.886 | first 143.751
[11:17:13] E 4K cpu        total 370.015 ms (paint 350.315, submit 0, wait 0, readback 0) | no-readback 356.393 | first 419.235
[11:17:18] E 4K gpu-gl     total 68.433 ms (paint 28.701, submit 11.093, wait 1.061, readback 7.351) | no-readback 41.967 | first 130.837
[11:17:23] E 4K gpu-vulkan total 86.581 ms (paint 27.97, submit 10.254, wait 7.557, readback 20.3) | no-readback 33.633 | first 182.685
[11:17:34] F 720p cpu        total 172.978 ms (paint 171.14, submit 0, wait 0, readback 0) | no-readback 170.611 | first 172.583
[11:17:37] F 720p gpu-gl     total 42.656 ms (paint 30.134, submit 7.231, wait 1.871, readback 0.967) | no-readback 38.381 | first 75.153
[11:17:40] F 720p gpu-vulkan total 35.755 ms (paint 20.805, submit 5.082, wait 6.81, readback 0.886) | no-readback 33.22 | first 94.071
[11:17:56] F 1080p cpu        total 328.207 ms (paint 323.792, submit 0, wait 0, readback 0) | no-readback 324.057 | first 333.617
[11:18:01] F 1080p gpu-gl     total 88.248 ms (paint 60.814, submit 18.274, wait 3.082, readback 1.861) | no-readback 82.223 | first 139.25
[11:18:05] F 1080p gpu-vulkan total 91.544 ms (paint 51.675, submit 16.768, wait 13.674, readback 5.529) | no-readback 78.642 | first 174.202
[11:18:41] F 4K cpu        total 1088.092 ms (paint 1074.31, submit 0, wait 0, readback 0) | no-readback 1067.996 | first 1094.819
[11:18:54] F 4K gpu-gl     total 340.909 ms (paint 208.655, submit 114.567, wait 3.821, readback 7.376) | no-readback 323.755 | first 497.12
[11:19:12] F 4K gpu-vulkan total 543.996 ms (paint 369.898, submit 30.533, wait 104.6, readback 23.277) | no-readback 497.012 | first 534.841
[11:19:13] G100 720p cpu        total 11.969 ms (paint 11.257, submit 0, wait 0, readback 0) | no-readback 11.209 | first 13.081
[11:19:14] G100 720p gpu-gl     total 8.916 ms (paint 1.487, submit 4.489, wait 0.068, readback 0.935) | no-readback 6.145 | first 25.928
[11:19:15] G100 720p gpu-vulkan total 7.561 ms (paint 1.481, submit 2.835, wait 0.484, readback 0.838) | no-readback 4.926 | first 30.025
[11:19:16] G100 1080p cpu        total 20.42 ms (paint 16.322, submit 0, wait 0, readback 0) | no-readback 16.009 | first 25.07
[11:19:17] G100 1080p gpu-gl     total 12.736 ms (paint 1.466, submit 4.795, wait 0.111, readback 1.824) | no-readback 6.918 | first 30.579
[11:19:18] G100 1080p gpu-vulkan total 11.368 ms (paint 1.615, submit 3.188, wait 0.463, readback 1.762) | no-readback 5.246 | first 37.189
[11:19:20] G100 4K cpu        total 60.546 ms (paint 40.627, submit 0, wait 0, readback 0) | no-readback 39.725 | first 73.154
[11:19:21] G100 4K gpu-gl     total 35.965 ms (paint 1.789, submit 6.416, wait 0.232, readback 7.168) | no-readback 7.449 | first 58.059
[11:19:23] G100 4K gpu-vulkan total 36.949 ms (paint 1.795, submit 4.281, wait 0.862, readback 8.791) | no-readback 6.577 | first 72.464
[11:19:27] G500 720p cpu        total 53.681 ms (paint 51.518, submit 0, wait 0, readback 0) | no-readback 52.527 | first 51.589
[11:19:30] G500 720p gpu-gl     total 35.236 ms (paint 7.337, submit 24.226, wait 0.107, readback 1.01) | no-readback 31.646 | first 85.673
[11:19:32] G500 720p gpu-vulkan total 27.758 ms (paint 7.555, submit 16.462, wait 0.812, readback 0.862) | no-readback 25.219 | first 79.058
[11:19:37] G500 1080p cpu        total 77.409 ms (paint 72.639, submit 0, wait 0, readback 0) | no-readback 73.863 | first 83.617
[11:19:39] G500 1080p gpu-gl     total 42.227 ms (paint 8.017, submit 26.812, wait 0.137, readback 1.901) | no-readback 33.552 | first 96.268
[11:19:42] G500 1080p gpu-vulkan total 33.502 ms (paint 7.747, submit 18.105, wait 0.923, readback 1.896) | no-readback 26.606 | first 88.242
[11:19:49] G500 4K cpu        total 174.408 ms (paint 153.941, submit 0, wait 0, readback 0) | no-readback 156.401 | first 191.03
[11:19:52] G500 4K gpu-gl     total 65.843 ms (paint 8.233, submit 28.585, wait 0.122, readback 7.348) | no-readback 35.716 | first 93.006
[11:19:55] G500 4K gpu-vulkan total 60.703 ms (paint 8.434, submit 20.586, wait 1, readback 9.196) | no-readback 29.06 | first 98.623
[11:20:02] G1000 720p cpu        total 99.987 ms (paint 97.398, submit 0, wait 0, readback 0) | no-readback 98.135 | first 100.254
[11:20:08] G1000 720p gpu-gl     total 76.191 ms (paint 14.901, submit 57.267, wait 0.054, readback 0.936) | no-readback 75.259 | first 173.049
[11:20:13] G1000 720p gpu-vulkan total 61.599 ms (paint 15.237, submit 41.66, wait 0.924, readback 0.938) | no-readback 58.298 | first 142.812
[11:20:21] G1000 1080p cpu        total 153.172 ms (paint 147.73, submit 0, wait 0, readback 0) | no-readback 145.651 | first 155.595
[11:20:27] G1000 1080p gpu-gl     total 76.859 ms (paint 15.566, submit 54.027, wait 0.073, readback 1.873) | no-readback 70.078 | first 131.58
[11:20:31] G1000 1080p gpu-vulkan total 60.789 ms (paint 15.672, submit 36.837, wait 0.905, readback 2.112) | no-readback 52.819 | first 125.101
[11:20:43] G1000 4K cpu        total 326.327 ms (paint 305.049, submit 0, wait 0, readback 0) | no-readback 306.673 | first 337.934
[11:20:48] G1000 4K gpu-gl     total 100.589 ms (paint 15.913, submit 56.02, wait 0.086, readback 7.304) | no-readback 71.793 | first 135.732
[11:20:53] G1000 4K gpu-vulkan total 91.423 ms (paint 16.266, submit 41.351, wait 2.027, readback 9.096) | no-readback 58.77 | first 140.946
