[11:25:17] cpu        -        1 create 8.976 ms, 5.877 fps (frame median 169.41), rss 61.1→166.1→157.1 MiB, gpu {"processMiB":null,"deviceUsedMiB":1}, close 0.97 ms, exit 0
[11:25:21] cpu        -        2 create 16.246 ms, 5.646 fps (frame median 175.286), rss 61.5→256.3→238.3 MiB, gpu {"processMiB":null,"deviceUsedMiB":1}, close 2.129 ms, exit 0
[11:25:28] cpu        -        4 create 30.849 ms, 5.812 fps (frame median 170.966), rss 61.1→436.1→400 MiB, gpu {"processMiB":null,"deviceUsedMiB":1}, close 4.42 ms, exit 0
[11:25:43] cpu        -        8 create 67.023 ms, 5.744 fps (frame median 172.94), rss 61.5→796.7→724.1 MiB, gpu {"processMiB":null,"deviceUsedMiB":1}, close 7.827 ms, exit 0
[11:25:44] gpu-gl     renderer 1 create 130.812 ms, 32.175 fps (frame median 30.355), rss 61.5→318.7→299.3 MiB, gpu {"processMiB":null,"deviceUsedMiB":160}, close 12.504 ms, exit 0
[11:25:45] gpu-gl     renderer 2 create 133.317 ms, 30.801 fps (frame median 32.189), rss 61.3→439.2→392.8 MiB, gpu {"processMiB":null,"deviceUsedMiB":308}, close 27.496 ms, exit 0
[11:25:47] gpu-gl     renderer 4 create 132.864 ms, 30.384 fps (frame median 32.209), rss 61.4→681.3→594 MiB, gpu {"processMiB":null,"deviceUsedMiB":604}, close 56.127 ms, exit 0
[11:25:51] gpu-gl     renderer 8 create 167.775 ms, 29.334 fps (frame median 33.407), rss 61.3→1165.2→988.8 MiB, gpu {"processMiB":null,"deviceUsedMiB":1196}, close 108.299 ms, exit 0
[11:25:52] gpu-gl     thread   1 create 108.69 ms, 31.842 fps (frame median 31.045), rss 61.3→318.4→297.4 MiB, gpu {"processMiB":null,"deviceUsedMiB":160}, close 13.243 ms, exit 0
[11:25:53] gpu-gl     thread   2 create 116.068 ms, 31.356 fps (frame median 31.61), rss 61.5→408.1→378 MiB, gpu {"processMiB":null,"deviceUsedMiB":170}, close 15.079 ms, exit 0
[11:25:55] gpu-gl     thread   4 create 126.593 ms, 31.687 fps (frame median 30.76), rss 61.3→588→539.4 MiB, gpu {"processMiB":null,"deviceUsedMiB":190}, close 18.039 ms, exit 0
[11:25:58] gpu-gl     thread   8 create 157.505 ms, 31.343 fps (frame median 31.228), rss 61.3→948.1→862.8 MiB, gpu {"processMiB":null,"deviceUsedMiB":230}, close 25.506 ms, exit 0
[11:25:59] gpu-vulkan renderer 1 create 236.246 ms, 37.283 fps (frame median 26.341), rss 61.4→357.7→225.2 MiB, gpu {"processMiB":161,"deviceUsedMiB":171}, close 85.923 ms, exit 0
[11:26:01] gpu-vulkan renderer 2 create 333.352 ms, 35.968 fps (frame median 27.587), rss 61.1→499.4→316.9 MiB, gpu {"processMiB":316,"deviceUsedMiB":326}, close 130.476 ms, exit 0
[11:26:03] gpu-vulkan renderer 4 create 502.95 ms, 37.147 fps (frame median 26.438), rss 61.1→773.1→501.6 MiB, gpu {"processMiB":629,"deviceUsedMiB":640}, close 236.306 ms, exit 0
[11:26:09] gpu-vulkan renderer 8 create 967.711 ms, 35.005 fps (frame median 28.21), rss 61.4→1323.1→872.1 MiB, gpu {"processMiB":1254,"deviceUsedMiB":1266}, close 612.095 ms, exit 0
[11:26:10] gpu-vulkan thread   1 create 252.818 ms, 37 fps (frame median 26.462), rss 61.1→357.7→225.2 MiB, gpu {"processMiB":161,"deviceUsedMiB":172}, close 87.684 ms, exit 0
[11:26:11] gpu-vulkan thread   2 create 243.362 ms, 35.448 fps (frame median 27.782), rss 61.3→447.6→307.3 MiB, gpu {"processMiB":171,"deviceUsedMiB":182}, close 90.919 ms, exit 0
[11:26:13] gpu-vulkan thread   4 create 295.216 ms, 37.035 fps (frame median 26.67), rss 61.4→626.7→470.5 MiB, gpu {"processMiB":191,"deviceUsedMiB":202}, close 93.067 ms, exit 0
[11:26:16] gpu-vulkan thread   8 create 294.88 ms, 35.014 fps (frame median 28.198), rss 61.3→987.4→799.6 MiB, gpu {"processMiB":231,"deviceUsedMiB":242}, close 104.125 ms, exit 0
