[10:54:57] correctness 720p
[skia] WARNING - Couldn't convert SkImage to a Graphite-backed representation
[skia] WARNING - Key context creation failed in Device::drawGeometry, draw dropped!
[skia] WARNING - Couldn't convert SkImage to a Graphite-backed representation
[skia] WARNING - Key context creation failed in Device::drawGeometry, draw dropped!
[skia] WARNING - Couldn't convert SkImage to a Graphite-backed representation
[skia] WARNING - Key context creation failed in Device::drawGeometry, draw dropped!
[skia] WARNING - Couldn't convert SkImage to a Graphite-backed representation
[skia] WARNING - Key context creation failed in Device::drawGeometry, draw dropped!
[skia] WARNING - Couldn't convert SkImage to a Graphite-backed representation
[skia] WARNING - Key context creation failed in Device::drawGeometry, draw dropped!
[skia] WARNING - Couldn't convert SkImage to a Graphite-backed representation
[skia] WARNING - Key context creation failed in Device::drawGeometry, draw dropped!
[skia] WARNING - Couldn't convert SkImage to a Graphite-backed representation
[skia] WARNING - Key context creation failed in Device::drawGeometry, draw dropped!
[skia] WARNING - Couldn't convert SkImage to a Graphite-backed representation
[skia] WARNING - Key context creation failed in Device::drawGeometry, draw dropped!
[skia] WARNING - Couldn't convert SkImage to a Graphite-backed representation
[skia] WARNING - Key context creation failed in Device::drawGeometry, draw dropped!
[skia] WARNING - Couldn't convert SkImage to a Graphite-backed representation
[skia] WARNING - Key context creation failed in Device::drawGeometry, draw dropped!
[skia] WARNING - Couldn't convert SkImage to a Graphite-backed representation
[skia] WARNING - Key context creation failed in Device::drawGeometry, draw dropped!
[skia] WARNING - Couldn't convert SkImage to a Graphite-backed representation
[skia] WARNING - Key context creation failed in Device::drawGeometry, draw dropped!
[skia] WARNING - Couldn't convert SkImage to a Graphite-backed representation
[skia] WARNING - Key context creation failed in Device::drawGeometry, draw dropped!
[skia] WARNING - Couldn't convert SkImage to a Graphite-backed representation
[skia] WARNING - Key context creation failed in Device::drawGeometry, draw dropped!
[skia] WARNING - Couldn't convert SkImage to a Graphite-backed representation
[skia] WARNING - Key context creation failed in Device::drawGeometry, draw dropped!
[skia] WARNING - Couldn't convert SkImage to a Graphite-backed representation
[skia] WARNING - Key context creation failed in Device::drawGeometry, draw dropped!
[skia] WARNING - Couldn't convert SkImage to a Graphite-backed representation
[skia] WARNING - Key context creation failed in Device::drawGeometry, draw dropped!
[skia] WARNING - Couldn't convert SkImage to a Graphite-backed representation
[skia] WARNING - Key context creation failed in Device::drawGeometry, draw dropped!
[skia] WARNING - Couldn't convert SkImage to a Graphite-backed representation
[skia] WARNING - Key context creation failed in Device::drawGeometry, draw dropped!
[skia] WARNING - Couldn't convert SkImage to a Graphite-backed representation
[skia] WARNING - Key context creation failed in Device::drawGeometry, draw dropped!
[skia] WARNING - Couldn't convert SkImage to a Graphite-backed representation
[skia] WARNING - Key context creation failed in Device::drawGeometry, draw dropped!
[skia] WARNING - Couldn't convert SkImage to a Graphite-backed representation
[skia] WARNING - Key context creation failed in Device::drawGeometry, draw dropped!
[skia] WARNING - Couldn't convert SkImage to a Graphite-backed representation
[skia] WARNING - Key context creation failed in Device::drawGeometry, draw dropped!
[skia] WARNING - Couldn't convert SkImage to a Graphite-backed representation
[skia] WARNING - Key context creation failed in Device::drawGeometry, draw dropped!
[skia] WARNING - Couldn't convert SkImage to a Graphite-backed representation
[skia] WARNING - Key context creation failed in Device::drawGeometry, draw dropped!
[skia] WARNING - Couldn't convert SkImage to a Graphite-backed representation
[skia] WARNING - Key context creation failed in Device::drawGeometry, draw dropped!
[skia] WARNING - Couldn't convert SkImage to a Graphite-backed representation
[skia] WARNING - Key context creation failed in Device::drawGeometry, draw dropped!
[skia] WARNING - Couldn't convert SkImage to a Graphite-backed representation
[skia] WARNING - Key context creation failed in Device::drawGeometry, draw dropped!
[skia] WARNING - Couldn't convert SkImage to a Graphite-backed representation
[skia] WARNING - Key context creation failed in Device::drawGeometry, draw dropped!
[skia] WARNING - Couldn't convert SkImage to a Graphite-backed representation
[skia] WARNING - Key context creation failed in Device::drawGeometry, draw dropped!
[skia] WARNING - Couldn't convert SkImage to a Graphite-backed representation
[skia] WARNING - Key context creation failed in Device::drawGeometry, draw dropped!
[skia] WARNING - Couldn't convert SkImage to a Graphite-backed representation
[skia] WARNING - Key context creation failed in Device::drawGeometry, draw dropped!
[skia] WARNING - Couldn't convert SkImage to a Graphite-backed representation
[skia] WARNING - Key context creation failed in Device::drawGeometry, draw dropped!
[skia] WARNING - Couldn't convert SkImage to a Graphite-backed representation
[skia] WARNING - Key context creation failed in Device::drawGeometry, draw dropped!
[skia] WARNING - Couldn't convert SkImage to a Graphite-backed representation
[skia] WARNING - Key context creation failed in Device::drawGeometry, draw dropped!
[skia] WARNING - Couldn't convert SkImage to a Graphite-backed representation
[skia] WARNING - Key context creation failed in Device::drawGeometry, draw dropped!
[skia] WARNING - Couldn't convert SkImage to a Graphite-backed representation
[skia] WARNING - Key context creation failed in Device::drawGeometry, draw dropped!
[skia] WARNING - Couldn't convert SkImage to a Graphite-backed representation
[skia] WARNING - Key context creation failed in Device::drawGeometry, draw dropped!
[skia] WARNING - Couldn't convert SkImage to a Graphite-backed representation
[skia] WARNING - Key context creation failed in Device::drawGeometry, draw dropped!
[skia] WARNING - Couldn't convert SkImage to a Graphite-backed representation
[skia] WARNING - Key context creation failed in Device::drawGeometry, draw dropped!
[skia] WARNING - Couldn't convert SkImage to a Graphite-backed representation
[skia] WARNING - Key context creation failed in Device::drawGeometry, draw dropped!
[skia] WARNING - Couldn't convert SkImage to a Graphite-backed representation
[skia] WARNING - Key context creation failed in Device::drawGeometry, draw dropped!
[skia] WARNING - Couldn't convert SkImage to a Graphite-backed representation
[skia] WARNING - Key context creation failed in Device::drawGeometry, draw dropped!
[skia] WARNING - Couldn't convert SkImage to a Graphite-backed representation
[skia] WARNING - Key context creation failed in Device::drawGeometry, draw dropped!
[skia] WARNING - Couldn't convert SkImage to a Graphite-backed representation
[skia] WARNING - Key context creation failed in Device::drawGeometry, draw dropped!
[skia] WARNING - Couldn't convert SkImage to a Graphite-backed representation
[skia] WARNING - Key context creation failed in Device::drawGeometry, draw dropped!
[skia] WARNING - Couldn't convert SkImage to a Graphite-backed representation
[skia] WARNING - Key context creation failed in Device::drawGeometry, draw dropped!
[skia] WARNING - Couldn't convert SkImage to a Graphite-backed representation
[skia] WARNING - Key context creation failed in Device::drawGeometry, draw dropped!
[skia] WARNING - Couldn't convert SkImage to a Graphite-backed representation
[skia] WARNING - Key context creation failed in Device::drawGeometry, draw dropped!
[skia] WARNING - Couldn't convert SkImage to a Graphite-backed representation
[skia] WARNING - Key context creation failed in Device::drawGeometry, draw dropped!
[skia] WARNING - Couldn't convert SkImage to a Graphite-backed representation
[skia] WARNING - Key context creation failed in Device::drawGeometry, draw dropped!
[skia] WARNING - Couldn't convert SkImage to a Graphite-backed representation
[skia] WARNING - Key context creation failed in Device::drawGeometry, draw dropped!
[skia] WARNING - Couldn't convert SkImage to a Graphite-backed representation
[skia] WARNING - Key context creation failed in Device::drawGeometry, draw dropped!
[skia] WARNING - Couldn't convert SkImage to a Graphite-backed representation
[skia] WARNING - Key context creation failed in Device::drawGeometry, draw dropped!
[skia] WARNING - Couldn't convert SkImage to a Graphite-backed representation
[skia] WARNING - Key context creation failed in Device::drawGeometry, draw dropped!
[skia] WARNING - Couldn't convert SkImage to a Graphite-backed representation
[skia] WARNING - Key context creation failed in Device::drawGeometry, draw dropped!
[skia] WARNING - Couldn't convert SkImage to a Graphite-backed representation
[skia] WARNING - Key context creation failed in Device::drawGeometry, draw dropped!
[skia] WARNING - Couldn't convert SkImage to a Graphite-backed representation
[skia] WARNING - Key context creation failed in Device::drawGeometry, draw dropped!
[skia] WARNING - Couldn't convert SkImage to a Graphite-backed representation
[skia] WARNING - Key context creation failed in Device::drawGeometry, draw dropped!
[skia] WARNING - Couldn't convert SkImage to a Graphite-backed representation
[skia] WARNING - Key context creation failed in Device::drawGeometry, draw dropped!
[10:55:03]   A gpu-graphite: minor (0.761% px, max 53, >32: 0.0053%)
[10:55:04]   B gpu-graphite: minor (73.3305% px, max 13, >32: 0%)
[10:55:04]   C gpu-graphite: major (88.6957% px, max 239, >32: 88.473%)
[10:55:04]   D gpu-graphite: minor (85.3764% px, max 62, >32: 0.0122%)
[10:55:05]   E gpu-graphite: minor (89.0126% px, max 75, >32: 0.0116%)
[10:55:05]   F gpu-graphite: edge-aa (51.0939% px, max 136, >32: 2.3841%)
[10:55:06]   G100 gpu-graphite: minor (12.9703% px, max 71, >32: 0.0406%)
[10:55:06]   G500 gpu-graphite: edge-aa (45.5883% px, max 67, >32: 0.1252%)
[10:55:06]   G1000 gpu-graphite: edge-aa (67.4678% px, max 84, >32: 0.1616%)
[10:55:06]   attribution A text rasterization difference
[10:55:08]   attribution B text rasterization difference
[skia] WARNING - Couldn't convert SkImage to a Graphite-backed representation
[skia] WARNING - Key context creation failed in Device::drawGeometry, draw dropped!
[skia] WARNING - Couldn't convert SkImage to a Graphite-backed representation
[skia] WARNING - Key context creation failed in Device::drawGeometry, draw dropped!
[skia] WARNING - Couldn't convert SkImage to a Graphite-backed representation
[skia] WARNING - Key context creation failed in Device::drawGeometry, draw dropped!
[skia] WARNING - Couldn't convert SkImage to a Graphite-backed representation
[skia] WARNING - Key context creation failed in Device::drawGeometry, draw dropped!
[skia] WARNING - Couldn't convert SkImage to a Graphite-backed representation
[skia] WARNING - Key context creation failed in Device::drawGeometry, draw dropped!
[skia] WARNING - Couldn't convert SkImage to a Graphite-backed representation
[skia] WARNING - Key context creation failed in Device::drawGeometry, draw dropped!
[skia] WARNING - Couldn't convert SkImage to a Graphite-backed representation
[skia] WARNING - Key context creation failed in Device::drawGeometry, draw dropped!
[skia] WARNING - Couldn't convert SkImage to a Graphite-backed representation
[skia] WARNING - Key context creation failed in Device::drawGeometry, draw dropped!
[skia] WARNING - Couldn't convert SkImage to a Graphite-backed representation
[skia] WARNING - Key context creation failed in Device::drawGeometry, draw dropped!
[skia] WARNING - Couldn't convert SkImage to a Graphite-backed representation
[skia] WARNING - Key context creation failed in Device::drawGeometry, draw dropped!
[skia] WARNING - Couldn't convert SkImage to a Graphite-backed representation
[skia] WARNING - Key context creation failed in Device::drawGeometry, draw dropped!
[skia] WARNING - Couldn't convert SkImage to a Graphite-backed representation
[skia] WARNING - Key context creation failed in Device::drawGeometry, draw dropped!
[skia] WARNING - Couldn't convert SkImage to a Graphite-backed representation
[skia] WARNING - Key context creation failed in Device::drawGeometry, draw dropped!
[skia] WARNING - Couldn't convert SkImage to a Graphite-backed representation
[skia] WARNING - Key context creation failed in Device::drawGeometry, draw dropped!
[skia] WARNING - Couldn't convert SkImage to a Graphite-backed representation
[skia] WARNING - Key context creation failed in Device::drawGeometry, draw dropped!
[skia] WARNING - Couldn't convert SkImage to a Graphite-backed representation
[skia] WARNING - Key context creation failed in Device::drawGeometry, draw dropped!
[skia] WARNING - Couldn't convert SkImage to a Graphite-backed representation
[skia] WARNING - Key context creation failed in Device::drawGeometry, draw dropped!
[skia] WARNING - Couldn't convert SkImage to a Graphite-backed representation
[skia] WARNING - Key context creation failed in Device::drawGeometry, draw dropped!
[skia] WARNING - Couldn't convert SkImage to a Graphite-backed representation
[skia] WARNING - Key context creation failed in Device::drawGeometry, draw dropped!
[skia] WARNING - Couldn't convert SkImage to a Graphite-backed representation
[skia] WARNING - Key context creation failed in Device::drawGeometry, draw dropped!
[skia] WARNING - Couldn't convert SkImage to a Graphite-backed representation
[skia] WARNING - Key context creation failed in Device::drawGeometry, draw dropped!
[skia] WARNING - Couldn't convert SkImage to a Graphite-backed representation
[skia] WARNING - Key context creation failed in Device::drawGeometry, draw dropped!
[skia] WARNING - Couldn't convert SkImage to a Graphite-backed representation
[skia] WARNING - Key context creation failed in Device::drawGeometry, draw dropped!
[skia] WARNING - Couldn't convert SkImage to a Graphite-backed representation
[skia] WARNING - Key context creation failed in Device::drawGeometry, draw dropped!
[skia] WARNING - Couldn't convert SkImage to a Graphite-backed representation
[skia] WARNING - Key context creation failed in Device::drawGeometry, draw dropped!
[skia] WARNING - Couldn't convert SkImage to a Graphite-backed representation
[skia] WARNING - Key context creation failed in Device::drawGeometry, draw dropped!
[skia] WARNING - Couldn't convert SkImage to a Graphite-backed representation
[skia] WARNING - Key context creation failed in Device::drawGeometry, draw dropped!
[skia] WARNING - Couldn't convert SkImage to a Graphite-backed representation
[skia] WARNING - Key context creation failed in Device::drawGeometry, draw dropped!
[skia] WARNING - Couldn't convert SkImage to a Graphite-backed representation
[skia] WARNING - Key context creation failed in Device::drawGeometry, draw dropped!
[skia] WARNING - Couldn't convert SkImage to a Graphite-backed representation
[skia] WARNING - Key context creation failed in Device::drawGeometry, draw dropped!
[skia] WARNING - Couldn't convert SkImage to a Graphite-backed representation
[skia] WARNING - Key context creation failed in Device::drawGeometry, draw dropped!
[skia] WARNING - Couldn't convert SkImage to a Graphite-backed representation
[skia] WARNING - Key context creation failed in Device::drawGeometry, draw dropped!
[skia] WARNING - Couldn't convert SkImage to a Graphite-backed representation
[skia] WARNING - Key context creation failed in Device::drawGeometry, draw dropped!
[skia] WARNING - Couldn't convert SkImage to a Graphite-backed representation
[skia] WARNING - Key context creation failed in Device::drawGeometry, draw dropped!
[skia] WARNING - Couldn't convert SkImage to a Graphite-backed representation
[skia] WARNING - Key context creation failed in Device::drawGeometry, draw dropped!
[skia] WARNING - Couldn't convert SkImage to a Graphite-backed representation
[skia] WARNING - Key context creation failed in Device::drawGeometry, draw dropped!
[skia] WARNING - Couldn't convert SkImage to a Graphite-backed representation
[skia] WARNING - Key context creation failed in Device::drawGeometry, draw dropped!
[skia] WARNING - Couldn't convert SkImage to a Graphite-backed representation
[skia] WARNING - Key context creation failed in Device::drawGeometry, draw dropped!
[skia] WARNING - Couldn't convert SkImage to a Graphite-backed representation
[skia] WARNING - Key context creation failed in Device::drawGeometry, draw dropped!
[skia] WARNING - Couldn't convert SkImage to a Graphite-backed representation
[skia] WARNING - Key context creation failed in Device::drawGeometry, draw dropped!
[skia] WARNING - Couldn't convert SkImage to a Graphite-backed representation
[skia] WARNING - Key context creation failed in Device::drawGeometry, draw dropped!
[skia] WARNING - Couldn't convert SkImage to a Graphite-backed representation
[skia] WARNING - Key context creation failed in Device::drawGeometry, draw dropped!
[skia] WARNING - Couldn't convert SkImage to a Graphite-backed representation
[skia] WARNING - Key context creation failed in Device::drawGeometry, draw dropped!
[skia] WARNING - Couldn't convert SkImage to a Graphite-backed representation
[skia] WARNING - Key context creation failed in Device::drawGeometry, draw dropped!
[skia] WARNING - Couldn't convert SkImage to a Graphite-backed representation
[skia] WARNING - Key context creation failed in Device::drawGeometry, draw dropped!
[skia] WARNING - Couldn't convert SkImage to a Graphite-backed representation
[skia] WARNING - Key context creation failed in Device::drawGeometry, draw dropped!
[skia] WARNING - Couldn't convert SkImage to a Graphite-backed representation
[skia] WARNING - Key context creation failed in Device::drawGeometry, draw dropped!
[skia] WARNING - Couldn't convert SkImage to a Graphite-backed representation
[skia] WARNING - Key context creation failed in Device::drawGeometry, draw dropped!
[skia] WARNING - Couldn't convert SkImage to a Graphite-backed representation
[skia] WARNING - Key context creation failed in Device::drawGeometry, draw dropped!
[skia] WARNING - Couldn't convert SkImage to a Graphite-backed representation
[skia] WARNING - Key context creation failed in Device::drawGeometry, draw dropped!
[skia] WARNING - Couldn't convert SkImage to a Graphite-backed representation
[skia] WARNING - Key context creation failed in Device::drawGeometry, draw dropped!
[skia] WARNING - Couldn't convert SkImage to a Graphite-backed representation
[skia] WARNING - Key context creation failed in Device::drawGeometry, draw dropped!
[skia] WARNING - Couldn't convert SkImage to a Graphite-backed representation
[skia] WARNING - Key context creation failed in Device::drawGeometry, draw dropped!
[skia] WARNING - Couldn't convert SkImage to a Graphite-backed representation
[skia] WARNING - Key context creation failed in Device::drawGeometry, draw dropped!
[skia] WARNING - Couldn't convert SkImage to a Graphite-backed representation
[skia] WARNING - Key context creation failed in Device::drawGeometry, draw dropped!
[skia] WARNING - Couldn't convert SkImage to a Graphite-backed representation
[skia] WARNING - Key context creation failed in Device::drawGeometry, draw dropped!
[skia] WARNING - Couldn't convert SkImage to a Graphite-backed representation
[skia] WARNING - Key context creation failed in Device::drawGeometry, draw dropped!
[skia] WARNING - Couldn't convert SkImage to a Graphite-backed representation
[skia] WARNING - Key context creation failed in Device::drawGeometry, draw dropped!
[skia] WARNING - Couldn't convert SkImage to a Graphite-backed representation
[skia] WARNING - Key context creation failed in Device::drawGeometry, draw dropped!
[skia] WARNING - Couldn't convert SkImage to a Graphite-backed representation
[skia] WARNING - Key context creation failed in Device::drawGeometry, draw dropped!
[skia] WARNING - Couldn't convert SkImage to a Graphite-backed representation
[skia] WARNING - Key context creation failed in Device::drawGeometry, draw dropped!
[skia] WARNING - Couldn't convert SkImage to a Graphite-backed representation
[skia] WARNING - Key context creation failed in Device::drawGeometry, draw dropped!
[skia] WARNING - Couldn't convert SkImage to a Graphite-backed representation
[skia] WARNING - Key context creation failed in Device::drawGeometry, draw dropped!
[skia] WARNING - Couldn't convert SkImage to a Graphite-backed representation
[skia] WARNING - Key context creation failed in Device::drawGeometry, draw dropped!
[skia] WARNING - Couldn't convert SkImage to a Graphite-backed representation
[skia] WARNING - Key context creation failed in Device::drawGeometry, draw dropped!
[skia] WARNING - Couldn't convert SkImage to a Graphite-backed representation
[skia] WARNING - Key context creation failed in Device::drawGeometry, draw dropped!
[skia] WARNING - Couldn't convert SkImage to a Graphite-backed representation
[skia] WARNING - Key context creation failed in Device::drawGeometry, draw dropped!
[skia] WARNING - Couldn't convert SkImage to a Graphite-backed representation
[skia] WARNING - Key context creation failed in Device::drawGeometry, draw dropped!
[skia] WARNING - Couldn't convert SkImage to a Graphite-backed representation
[skia] WARNING - Key context creation failed in Device::drawGeometry, draw dropped!
[skia] WARNING - Couldn't convert SkImage to a Graphite-backed representation
[skia] WARNING - Key context creation failed in Device::drawGeometry, draw dropped!
[skia] WARNING - Couldn't convert SkImage to a Graphite-backed representation
[skia] WARNING - Key context creation failed in Device::drawGeometry, draw dropped!
[skia] WARNING - Couldn't convert SkImage to a Graphite-backed representation
[skia] WARNING - Key context creation failed in Device::drawGeometry, draw dropped!
[skia] WARNING - Couldn't convert SkImage to a Graphite-backed representation
[skia] WARNING - Key context creation failed in Device::drawGeometry, draw dropped!
[skia] WARNING - Couldn't convert SkImage to a Graphite-backed representation
[skia] WARNING - Key context creation failed in Device::drawGeometry, draw dropped!
[skia] WARNING - Couldn't convert SkImage to a Graphite-backed representation
[skia] WARNING - Key context creation failed in Device::drawGeometry, draw dropped!
[skia] WARNING - Couldn't convert SkImage to a Graphite-backed representation
[skia] WARNING - Key context creation failed in Device::drawGeometry, draw dropped!
[skia] WARNING - Couldn't convert SkImage to a Graphite-backed representation
[skia] WARNING - Key context creation failed in Device::drawGeometry, draw dropped!
[skia] WARNING - Couldn't convert SkImage to a Graphite-backed representation
[skia] WARNING - Key context creation failed in Device::drawGeometry, draw dropped!
[skia] WARNING - Couldn't convert SkImage to a Graphite-backed representation
[skia] WARNING - Key context creation failed in Device::drawGeometry, draw dropped!
[skia] WARNING - Couldn't convert SkImage to a Graphite-backed representation
[skia] WARNING - Key context creation failed in Device::drawGeometry, draw dropped!
[skia] WARNING - Couldn't convert SkImage to a Graphite-backed representation
[skia] WARNING - Key context creation failed in Device::drawGeometry, draw dropped!
[skia] WARNING - Couldn't convert SkImage to a Graphite-backed representation
[skia] WARNING - Key context creation failed in Device::drawGeometry, draw dropped!
[skia] WARNING - Couldn't convert SkImage to a Graphite-backed representation
[skia] WARNING - Key context creation failed in Device::drawGeometry, draw dropped!
[skia] WARNING - Couldn't convert SkImage to a Graphite-backed representation
[skia] WARNING - Key context creation failed in Device::drawGeometry, draw dropped!
[skia] WARNING - Couldn't convert SkImage to a Graphite-backed representation
[skia] WARNING - Key context creation failed in Device::drawGeometry, draw dropped!
[skia] WARNING - Couldn't convert SkImage to a Graphite-backed representation
[skia] WARNING - Key context creation failed in Device::drawGeometry, draw dropped!
[skia] WARNING - Couldn't convert SkImage to a Graphite-backed representation
[skia] WARNING - Key context creation failed in Device::drawGeometry, draw dropped!
[skia] WARNING - Couldn't convert SkImage to a Graphite-backed representation
[skia] WARNING - Key context creation failed in Device::drawGeometry, draw dropped!
[skia] WARNING - Couldn't convert SkImage to a Graphite-backed representation
[skia] WARNING - Key context creation failed in Device::drawGeometry, draw dropped!
[skia] WARNING - Couldn't convert SkImage to a Graphite-backed representation
[skia] WARNING - Key context creation failed in Device::drawGeometry, draw dropped!
[skia] WARNING - Couldn't convert SkImage to a Graphite-backed representation
[skia] WARNING - Key context creation failed in Device::drawGeometry, draw dropped!
[skia] WARNING - Couldn't convert SkImage to a Graphite-backed representation
[skia] WARNING - Key context creation failed in Device::drawGeometry, draw dropped!
[skia] WARNING - Couldn't convert SkImage to a Graphite-backed representation
[skia] WARNING - Key context creation failed in Device::drawGeometry, draw dropped!
[skia] WARNING - Couldn't convert SkImage to a Graphite-backed representation
[skia] WARNING - Key context creation failed in Device::drawGeometry, draw dropped!
[skia] WARNING - Couldn't convert SkImage to a Graphite-backed representation
[skia] WARNING - Key context creation failed in Device::drawGeometry, draw dropped!
[skia] WARNING - Couldn't convert SkImage to a Graphite-backed representation
[skia] WARNING - Key context creation failed in Device::drawGeometry, draw dropped!
[skia] WARNING - Couldn't convert SkImage to a Graphite-backed representation
[skia] WARNING - Key context creation failed in Device::drawGeometry, draw dropped!
[skia] WARNING - Couldn't convert SkImage to a Graphite-backed representation
[skia] WARNING - Key context creation failed in Device::drawGeometry, draw dropped!
[skia] WARNING - Couldn't convert SkImage to a Graphite-backed representation
[skia] WARNING - Key context creation failed in Device::drawGeometry, draw dropped!
[skia] WARNING - Couldn't convert SkImage to a Graphite-backed representation
[skia] WARNING - Key context creation failed in Device::drawGeometry, draw dropped!
[skia] WARNING - Couldn't convert SkImage to a Graphite-backed representation
[skia] WARNING - Key context creation failed in Device::drawGeometry, draw dropped!
[skia] WARNING - Couldn't convert SkImage to a Graphite-backed representation
[skia] WARNING - Key context creation failed in Device::drawGeometry, draw dropped!
[skia] WARNING - Couldn't convert SkImage to a Graphite-backed representation
[skia] WARNING - Key context creation failed in Device::drawGeometry, draw dropped!
[skia] WARNING - Couldn't convert SkImage to a Graphite-backed representation
[skia] WARNING - Key context creation failed in Device::drawGeometry, draw dropped!
[skia] WARNING - Couldn't convert SkImage to a Graphite-backed representation
[skia] WARNING - Key context creation failed in Device::drawGeometry, draw dropped!
[skia] WARNING - Couldn't convert SkImage to a Graphite-backed representation
[skia] WARNING - Key context creation failed in Device::drawGeometry, draw dropped!
[skia] WARNING - Couldn't convert SkImage to a Graphite-backed representation
[skia] WARNING - Key context creation failed in Device::drawGeometry, draw dropped!
[skia] WARNING - Couldn't convert SkImage to a Graphite-backed representation
[skia] WARNING - Key context creation failed in Device::drawGeometry, draw dropped!
[skia] WARNING - Couldn't convert SkImage to a Graphite-backed representation
[skia] WARNING - Key context creation failed in Device::drawGeometry, draw dropped!
[skia] WARNING - Couldn't convert SkImage to a Graphite-backed representation
[skia] WARNING - Key context creation failed in Device::drawGeometry, draw dropped!
[skia] WARNING - Couldn't convert SkImage to a Graphite-backed representation
[skia] WARNING - Key context creation failed in Device::drawGeometry, draw dropped!
[skia] WARNING - Couldn't convert SkImage to a Graphite-backed representation
[skia] WARNING - Key context creation failed in Device::drawGeometry, draw dropped!
[skia] WARNING - Couldn't convert SkImage to a Graphite-backed representation
[skia] WARNING - Key context creation failed in Device::drawGeometry, draw dropped!
[skia] WARNING - Couldn't convert SkImage to a Graphite-backed representation
[skia] WARNING - Key context creation failed in Device::drawGeometry, draw dropped!
[skia] WARNING - Couldn't convert SkImage to a Graphite-backed representation
[skia] WARNING - Key context creation failed in Device::drawGeometry, draw dropped!
[skia] WARNING - Couldn't convert SkImage to a Graphite-backed representation
[skia] WARNING - Key context creation failed in Device::drawGeometry, draw dropped!
[skia] WARNING - Couldn't convert SkImage to a Graphite-backed representation
[skia] WARNING - Key context creation failed in Device::drawGeometry, draw dropped!
[skia] WARNING - Couldn't convert SkImage to a Graphite-backed representation
[skia] WARNING - Key context creation failed in Device::drawGeometry, draw dropped!
[skia] WARNING - Couldn't convert SkImage to a Graphite-backed representation
[skia] WARNING - Key context creation failed in Device::drawGeometry, draw dropped!
[skia] WARNING - Couldn't convert SkImage to a Graphite-backed representation
[skia] WARNING - Key context creation failed in Device::drawGeometry, draw dropped!
[skia] WARNING - Couldn't convert SkImage to a Graphite-backed representation
[skia] WARNING - Key context creation failed in Device::drawGeometry, draw dropped!
[skia] WARNING - Couldn't convert SkImage to a Graphite-backed representation
[skia] WARNING - Key context creation failed in Device::drawGeometry, draw dropped!
[skia] WARNING - Couldn't convert SkImage to a Graphite-backed representation
[skia] WARNING - Key context creation failed in Device::drawGeometry, draw dropped!
[skia] WARNING - Couldn't convert SkImage to a Graphite-backed representation
[skia] WARNING - Key context creation failed in Device::drawGeometry, draw dropped!
[skia] WARNING - Couldn't convert SkImage to a Graphite-backed representation
[skia] WARNING - Key context creation failed in Device::drawGeometry, draw dropped!
[skia] WARNING - Couldn't convert SkImage to a Graphite-backed representation
[skia] WARNING - Key context creation failed in Device::drawGeometry, draw dropped!
[skia] WARNING - Couldn't convert SkImage to a Graphite-backed representation
[skia] WARNING - Key context creation failed in Device::drawGeometry, draw dropped!
[skia] WARNING - Couldn't convert SkImage to a Graphite-backed representation
[skia] WARNING - Key context creation failed in Device::drawGeometry, draw dropped!
[skia] WARNING - Couldn't convert SkImage to a Graphite-backed representation
[skia] WARNING - Key context creation failed in Device::drawGeometry, draw dropped!
[skia] WARNING - Couldn't convert SkImage to a Graphite-backed representation
[skia] WARNING - Key context creation failed in Device::drawGeometry, draw dropped!
[skia] WARNING - Couldn't convert SkImage to a Graphite-backed representation
[skia] WARNING - Key context creation failed in Device::drawGeometry, draw dropped!
[skia] WARNING - Couldn't convert SkImage to a Graphite-backed representation
[skia] WARNING - Key context creation failed in Device::drawGeometry, draw dropped!
[skia] WARNING - Couldn't convert SkImage to a Graphite-backed representation
[skia] WARNING - Key context creation failed in Device::drawGeometry, draw dropped!
[skia] WARNING - Couldn't convert SkImage to a Graphite-backed representation
[skia] WARNING - Key context creation failed in Device::drawGeometry, draw dropped!
[skia] WARNING - Couldn't convert SkImage to a Graphite-backed representation
[skia] WARNING - Key context creation failed in Device::drawGeometry, draw dropped!
[skia] WARNING - Couldn't convert SkImage to a Graphite-backed representation
[skia] WARNING - Key context creation failed in Device::drawGeometry, draw dropped!
[skia] WARNING - Couldn't convert SkImage to a Graphite-backed representation
[skia] WARNING - Key context creation failed in Device::drawGeometry, draw dropped!
[skia] WARNING - Couldn't convert SkImage to a Graphite-backed representation
[skia] WARNING - Key context creation failed in Device::drawGeometry, draw dropped!
[skia] WARNING - Couldn't convert SkImage to a Graphite-backed representation
[skia] WARNING - Key context creation failed in Device::drawGeometry, draw dropped!
[skia] WARNING - Couldn't convert SkImage to a Graphite-backed representation
[skia] WARNING - Key context creation failed in Device::drawGeometry, draw dropped!
[skia] WARNING - Couldn't convert SkImage to a Graphite-backed representation
[skia] WARNING - Key context creation failed in Device::drawGeometry, draw dropped!
[skia] WARNING - Couldn't convert SkImage to a Graphite-backed representation
[skia] WARNING - Key context creation failed in Device::drawGeometry, draw dropped!
[skia] WARNING - Couldn't convert SkImage to a Graphite-backed representation
[skia] WARNING - Key context creation failed in Device::drawGeometry, draw dropped!
[skia] WARNING - Couldn't convert SkImage to a Graphite-backed representation
[skia] WARNING - Key context creation failed in Device::drawGeometry, draw dropped!
[skia] WARNING - Couldn't convert SkImage to a Graphite-backed representation
[skia] WARNING - Key context creation failed in Device::drawGeometry, draw dropped!
[skia] WARNING - Couldn't convert SkImage to a Graphite-backed representation
[skia] WARNING - Key context creation failed in Device::drawGeometry, draw dropped!
[skia] WARNING - Couldn't convert SkImage to a Graphite-backed representation
[skia] WARNING - Key context creation failed in Device::drawGeometry, draw dropped!
[skia] WARNING - Couldn't convert SkImage to a Graphite-backed representation
[skia] WARNING - Key context creation failed in Device::drawGeometry, draw dropped!
[skia] WARNING - Couldn't convert SkImage to a Graphite-backed representation
[skia] WARNING - Key context creation failed in Device::drawGeometry, draw dropped!
[skia] WARNING - Couldn't convert SkImage to a Graphite-backed representation
[skia] WARNING - Key context creation failed in Device::drawGeometry, draw dropped!
[skia] WARNING - Couldn't convert SkImage to a Graphite-backed representation
[skia] WARNING - Key context creation failed in Device::drawGeometry, draw dropped!
[skia] WARNING - Couldn't convert SkImage to a Graphite-backed representation
[skia] WARNING - Key context creation failed in Device::drawGeometry, draw dropped!
[skia] WARNING - Couldn't convert SkImage to a Graphite-backed representation
[skia] WARNING - Key context creation failed in Device::drawGeometry, draw dropped!
[skia] WARNING - Couldn't convert SkImage to a Graphite-backed representation
[skia] WARNING - Key context creation failed in Device::drawGeometry, draw dropped!
[skia] WARNING - Couldn't convert SkImage to a Graphite-backed representation
[skia] WARNING - Key context creation failed in Device::drawGeometry, draw dropped!
[skia] WARNING - Couldn't convert SkImage to a Graphite-backed representation
[skia] WARNING - Key context creation failed in Device::drawGeometry, draw dropped!
[skia] WARNING - Couldn't convert SkImage to a Graphite-backed representation
[skia] WARNING - Key context creation failed in Device::drawGeometry, draw dropped!
[skia] WARNING - Couldn't convert SkImage to a Graphite-backed representation
[skia] WARNING - Key context creation failed in Device::drawGeometry, draw dropped!
[skia] WARNING - Couldn't convert SkImage to a Graphite-backed representation
[skia] WARNING - Key context creation failed in Device::drawGeometry, draw dropped!
[skia] WARNING - Couldn't convert SkImage to a Graphite-backed representation
[skia] WARNING - Key context creation failed in Device::drawGeometry, draw dropped!
[skia] WARNING - Couldn't convert SkImage to a Graphite-backed representation
[skia] WARNING - Key context creation failed in Device::drawGeometry, draw dropped!
[skia] WARNING - Couldn't convert SkImage to a Graphite-backed representation
[skia] WARNING - Key context creation failed in Device::drawGeometry, draw dropped!
[skia] WARNING - Couldn't convert SkImage to a Graphite-backed representation
[skia] WARNING - Key context creation failed in Device::drawGeometry, draw dropped!
[skia] WARNING - Couldn't convert SkImage to a Graphite-backed representation
[skia] WARNING - Key context creation failed in Device::drawGeometry, draw dropped!
[skia] WARNING - Couldn't convert SkImage to a Graphite-backed representation
[skia] WARNING - Key context creation failed in Device::drawGeometry, draw dropped!
[skia] WARNING - Couldn't convert SkImage to a Graphite-backed representation
[skia] WARNING - Key context creation failed in Device::drawGeometry, draw dropped!
[skia] WARNING - Couldn't convert SkImage to a Graphite-backed representation
[skia] WARNING - Key context creation failed in Device::drawGeometry, draw dropped!
[skia] WARNING - Couldn't convert SkImage to a Graphite-backed representation
[skia] WARNING - Key context creation failed in Device::drawGeometry, draw dropped!
[skia] WARNING - Couldn't convert SkImage to a Graphite-backed representation
[skia] WARNING - Key context creation failed in Device::drawGeometry, draw dropped!
[skia] WARNING - Couldn't convert SkImage to a Graphite-backed representation
[skia] WARNING - Key context creation failed in Device::drawGeometry, draw dropped!
[skia] WARNING - Couldn't convert SkImage to a Graphite-backed representation
[skia] WARNING - Key context creation failed in Device::drawGeometry, draw dropped!
[skia] WARNING - Couldn't convert SkImage to a Graphite-backed representation
[skia] WARNING - Key context creation failed in Device::drawGeometry, draw dropped!
[skia] WARNING - Couldn't convert SkImage to a Graphite-backed representation
[skia] WARNING - Key context creation failed in Device::drawGeometry, draw dropped!
[skia] WARNING - Couldn't convert SkImage to a Graphite-backed representation
[skia] WARNING - Key context creation failed in Device::drawGeometry, draw dropped!
[skia] WARNING - Couldn't convert SkImage to a Graphite-backed representation
[skia] WARNING - Key context creation failed in Device::drawGeometry, draw dropped!
[skia] WARNING - Couldn't convert SkImage to a Graphite-backed representation
[skia] WARNING - Key context creation failed in Device::drawGeometry, draw dropped!
[skia] WARNING - Couldn't convert SkImage to a Graphite-backed representation
[skia] WARNING - Key context creation failed in Device::drawGeometry, draw dropped!
[skia] WARNING - Couldn't convert SkImage to a Graphite-backed representation
[skia] WARNING - Key context creation failed in Device::drawGeometry, draw dropped!
[skia] WARNING - Couldn't convert SkImage to a Graphite-backed representation
[skia] WARNING - Key context creation failed in Device::drawGeometry, draw dropped!
[skia] WARNING - Couldn't convert SkImage to a Graphite-backed representation
[skia] WARNING - Key context creation failed in Device::drawGeometry, draw dropped!
[skia] WARNING - Couldn't convert SkImage to a Graphite-backed representation
[skia] WARNING - Key context creation failed in Device::drawGeometry, draw dropped!
[skia] WARNING - Couldn't convert SkImage to a Graphite-backed representation
[skia] WARNING - Key context creation failed in Device::drawGeometry, draw dropped!
[skia] WARNING - Couldn't convert SkImage to a Graphite-backed representation
[skia] WARNING - Key context creation failed in Device::drawGeometry, draw dropped!
[skia] WARNING - Couldn't convert SkImage to a Graphite-backed representation
[skia] WARNING - Key context creation failed in Device::drawGeometry, draw dropped!
[skia] WARNING - Couldn't convert SkImage to a Graphite-backed representation
[skia] WARNING - Key context creation failed in Device::drawGeometry, draw dropped!
[skia] WARNING - Couldn't convert SkImage to a Graphite-backed representation
[skia] WARNING - Key context creation failed in Device::drawGeometry, draw dropped!
[skia] WARNING - Couldn't convert SkImage to a Graphite-backed representation
[skia] WARNING - Key context creation failed in Device::drawGeometry, draw dropped!
[skia] WARNING - Couldn't convert SkImage to a Graphite-backed representation
[skia] WARNING - Key context creation failed in Device::drawGeometry, draw dropped!
[skia] WARNING - Couldn't convert SkImage to a Graphite-backed representation
[skia] WARNING - Key context creation failed in Device::drawGeometry, draw dropped!
[skia] WARNING - Couldn't convert SkImage to a Graphite-backed representation
[skia] WARNING - Key context creation failed in Device::drawGeometry, draw dropped!
[skia] WARNING - Couldn't convert SkImage to a Graphite-backed representation
[skia] WARNING - Key context creation failed in Device::drawGeometry, draw dropped!
[skia] WARNING - Couldn't convert SkImage to a Graphite-backed representation
[skia] WARNING - Key context creation failed in Device::drawGeometry, draw dropped!
[skia] WARNING - Couldn't convert SkImage to a Graphite-backed representation
[skia] WARNING - Key context creation failed in Device::drawGeometry, draw dropped!
[skia] WARNING - Couldn't convert SkImage to a Graphite-backed representation
[skia] WARNING - Key context creation failed in Device::drawGeometry, draw dropped!
[skia] WARNING - Couldn't convert SkImage to a Graphite-backed representation
[skia] WARNING - Key context creation failed in Device::drawGeometry, draw dropped!
[skia] WARNING - Couldn't convert SkImage to a Graphite-backed representation
[skia] WARNING - Key context creation failed in Device::drawGeometry, draw dropped!
[skia] WARNING - Couldn't convert SkImage to a Graphite-backed representation
[skia] WARNING - Key context creation failed in Device::drawGeometry, draw dropped!
[skia] WARNING - Couldn't convert SkImage to a Graphite-backed representation
[skia] WARNING - Key context creation failed in Device::drawGeometry, draw dropped!
[skia] WARNING - Couldn't convert SkImage to a Graphite-backed representation
[skia] WARNING - Key context creation failed in Device::drawGeometry, draw dropped!
[skia] WARNING - Couldn't convert SkImage to a Graphite-backed representation
[skia] WARNING - Key context creation failed in Device::drawGeometry, draw dropped!
[skia] WARNING - Couldn't convert SkImage to a Graphite-backed representation
[skia] WARNING - Key context creation failed in Device::drawGeometry, draw dropped!
[skia] WARNING - Couldn't convert SkImage to a Graphite-backed representation
[skia] WARNING - Key context creation failed in Device::drawGeometry, draw dropped!
[skia] WARNING - Couldn't convert SkImage to a Graphite-backed representation
[skia] WARNING - Key context creation failed in Device::drawGeometry, draw dropped!
[skia] WARNING - Couldn't convert SkImage to a Graphite-backed representation
[skia] WARNING - Key context creation failed in Device::drawGeometry, draw dropped!
[skia] WARNING - Couldn't convert SkImage to a Graphite-backed representation
[skia] WARNING - Key context creation failed in Device::drawGeometry, draw dropped!
[skia] WARNING - Couldn't convert SkImage to a Graphite-backed representation
[skia] WARNING - Key context creation failed in Device::drawGeometry, draw dropped!
[skia] WARNING - Couldn't convert SkImage to a Graphite-backed representation
[skia] WARNING - Key context creation failed in Device::drawGeometry, draw dropped!
[skia] WARNING - Couldn't convert SkImage to a Graphite-backed representation
[skia] WARNING - Key context creation failed in Device::drawGeometry, draw dropped!
[skia] WARNING - Couldn't convert SkImage to a Graphite-backed representation
[skia] WARNING - Key context creation failed in Device::drawGeometry, draw dropped!
[skia] WARNING - Couldn't convert SkImage to a Graphite-backed representation
[skia] WARNING - Key context creation failed in Device::drawGeometry, draw dropped!
[skia] WARNING - Couldn't convert SkImage to a Graphite-backed representation
[skia] WARNING - Key context creation failed in Device::drawGeometry, draw dropped!
[skia] WARNING - Couldn't convert SkImage to a Graphite-backed representation
[skia] WARNING - Key context creation failed in Device::drawGeometry, draw dropped!
[skia] WARNING - Couldn't convert SkImage to a Graphite-backed representation
[skia] WARNING - Key context creation failed in Device::drawGeometry, draw dropped!
[skia] WARNING - Couldn't convert SkImage to a Graphite-backed representation
[skia] WARNING - Key context creation failed in Device::drawGeometry, draw dropped!
[skia] WARNING - Couldn't convert SkImage to a Graphite-backed representation
[skia] WARNING - Key context creation failed in Device::drawGeometry, draw dropped!
[skia] WARNING - Couldn't convert SkImage to a Graphite-backed representation
[skia] WARNING - Key context creation failed in Device::drawGeometry, draw dropped!
[skia] WARNING - Couldn't convert SkImage to a Graphite-backed representation
[skia] WARNING - Key context creation failed in Device::drawGeometry, draw dropped!
[skia] WARNING - Couldn't convert SkImage to a Graphite-backed representation
[skia] WARNING - Key context creation failed in Device::drawGeometry, draw dropped!
[skia] WARNING - Couldn't convert SkImage to a Graphite-backed representation
[skia] WARNING - Key context creation failed in Device::drawGeometry, draw dropped!
[skia] WARNING - Couldn't convert SkImage to a Graphite-backed representation
[skia] WARNING - Key context creation failed in Device::drawGeometry, draw dropped!
[skia] WARNING - Couldn't convert SkImage to a Graphite-backed representation
[skia] WARNING - Key context creation failed in Device::drawGeometry, draw dropped!
[skia] WARNING - Couldn't convert SkImage to a Graphite-backed representation
[skia] WARNING - Key context creation failed in Device::drawGeometry, draw dropped!
[skia] WARNING - Couldn't convert SkImage to a Graphite-backed representation
[skia] WARNING - Key context creation failed in Device::drawGeometry, draw dropped!
[skia] WARNING - Couldn't convert SkImage to a Graphite-backed representation
[skia] WARNING - Key context creation failed in Device::drawGeometry, draw dropped!
[skia] WARNING - Couldn't convert SkImage to a Graphite-backed representation
[skia] WARNING - Key context creation failed in Device::drawGeometry, draw dropped!
[skia] WARNING - Couldn't convert SkImage to a Graphite-backed representation
[skia] WARNING - Key context creation failed in Device::drawGeometry, draw dropped!
[skia] WARNING - Couldn't convert SkImage to a Graphite-backed representation
[skia] WARNING - Key context creation failed in Device::drawGeometry, draw dropped!
[skia] WARNING - Couldn't convert SkImage to a Graphite-backed representation
[skia] WARNING - Key context creation failed in Device::drawGeometry, draw dropped!
[skia] WARNING - Couldn't convert SkImage to a Graphite-backed representation
[skia] WARNING - Key context creation failed in Device::drawGeometry, draw dropped!
[skia] WARNING - Couldn't convert SkImage to a Graphite-backed representation
[skia] WARNING - Key context creation failed in Device::drawGeometry, draw dropped!
[skia] WARNING - Couldn't convert SkImage to a Graphite-backed representation
[skia] WARNING - Key context creation failed in Device::drawGeometry, draw dropped!
[skia] WARNING - Couldn't convert SkImage to a Graphite-backed representation
[skia] WARNING - Key context creation failed in Device::drawGeometry, draw dropped!
[skia] WARNING - Couldn't convert SkImage to a Graphite-backed representation
[skia] WARNING - Key context creation failed in Device::drawGeometry, draw dropped!
[skia] WARNING - Couldn't convert SkImage to a Graphite-backed representation
[skia] WARNING - Key context creation failed in Device::drawGeometry, draw dropped!
[skia] WARNING - Couldn't convert SkImage to a Graphite-backed representation
[skia] WARNING - Key context creation failed in Device::drawGeometry, draw dropped!
[skia] WARNING - Couldn't convert SkImage to a Graphite-backed representation
[skia] WARNING - Key context creation failed in Device::drawGeometry, draw dropped!
[skia] WARNING - Couldn't convert SkImage to a Graphite-backed representation
[skia] WARNING - Key context creation failed in Device::drawGeometry, draw dropped!
[skia] WARNING - Couldn't convert SkImage to a Graphite-backed representation
[skia] WARNING - Key context creation failed in Device::drawGeometry, draw dropped!
[skia] WARNING - Couldn't convert SkImage to a Graphite-backed representation
[skia] WARNING - Key context creation failed in Device::drawGeometry, draw dropped!
[skia] WARNING - Couldn't convert SkImage to a Graphite-backed representation
[skia] WARNING - Key context creation failed in Device::drawGeometry, draw dropped!
[skia] WARNING - Couldn't convert SkImage to a Graphite-backed representation
[skia] WARNING - Key context creation failed in Device::drawGeometry, draw dropped!
[skia] WARNING - Couldn't convert SkImage to a Graphite-backed representation
[skia] WARNING - Key context creation failed in Device::drawGeometry, draw dropped!
[skia] WARNING - Couldn't convert SkImage to a Graphite-backed representation
[skia] WARNING - Key context creation failed in Device::drawGeometry, draw dropped!
[skia] WARNING - Couldn't convert SkImage to a Graphite-backed representation
[skia] WARNING - Key context creation failed in Device::drawGeometry, draw dropped!
[skia] WARNING - Couldn't convert SkImage to a Graphite-backed representation
[skia] WARNING - Key context creation failed in Device::drawGeometry, draw dropped!
[skia] WARNING - Couldn't convert SkImage to a Graphite-backed representation
[skia] WARNING - Key context creation failed in Device::drawGeometry, draw dropped!
[skia] WARNING - Couldn't convert SkImage to a Graphite-backed representation
[skia] WARNING - Key context creation failed in Device::drawGeometry, draw dropped!
[skia] WARNING - Couldn't convert SkImage to a Graphite-backed representation
[skia] WARNING - Key context creation failed in Device::drawGeometry, draw dropped!
[skia] WARNING - Couldn't convert SkImage to a Graphite-backed representation
[skia] WARNING - Key context creation failed in Device::drawGeometry, draw dropped!
[skia] WARNING - Couldn't convert SkImage to a Graphite-backed representation
[skia] WARNING - Key context creation failed in Device::drawGeometry, draw dropped!
[skia] WARNING - Couldn't convert SkImage to a Graphite-backed representation
[skia] WARNING - Key context creation failed in Device::drawGeometry, draw dropped!
[skia] WARNING - Couldn't convert SkImage to a Graphite-backed representation
[skia] WARNING - Key context creation failed in Device::drawGeometry, draw dropped!
[skia] WARNING - Couldn't convert SkImage to a Graphite-backed representation
[skia] WARNING - Key context creation failed in Device::drawGeometry, draw dropped!
[skia] WARNING - Couldn't convert SkImage to a Graphite-backed representation
[skia] WARNING - Key context creation failed in Device::drawGeometry, draw dropped!
[skia] WARNING - Couldn't convert SkImage to a Graphite-backed representation
[skia] WARNING - Key context creation failed in Device::drawGeometry, draw dropped!
[skia] WARNING - Couldn't convert SkImage to a Graphite-backed representation
[skia] WARNING - Key context creation failed in Device::drawGeometry, draw dropped!
[skia] WARNING - Couldn't convert SkImage to a Graphite-backed representation
[skia] WARNING - Key context creation failed in Device::drawGeometry, draw dropped!
[skia] WARNING - Couldn't convert SkImage to a Graphite-backed representation
[skia] WARNING - Key context creation failed in Device::drawGeometry, draw dropped!
[skia] WARNING - Couldn't convert SkImage to a Graphite-backed representation
[skia] WARNING - Key context creation failed in Device::drawGeometry, draw dropped!
[skia] WARNING - Couldn't convert SkImage to a Graphite-backed representation
[skia] WARNING - Key context creation failed in Device::drawGeometry, draw dropped!
[skia] WARNING - Couldn't convert SkImage to a Graphite-backed representation
[skia] WARNING - Key context creation failed in Device::drawGeometry, draw dropped!
[skia] WARNING - Couldn't convert SkImage to a Graphite-backed representation
[skia] WARNING - Key context creation failed in Device::drawGeometry, draw dropped!
[skia] WARNING - Couldn't convert SkImage to a Graphite-backed representation
[skia] WARNING - Key context creation failed in Device::drawGeometry, draw dropped!
[skia] WARNING - Couldn't convert SkImage to a Graphite-backed representation
[skia] WARNING - Key context creation failed in Device::drawGeometry, draw dropped!
[skia] WARNING - Couldn't convert SkImage to a Graphite-backed representation
[skia] WARNING - Key context creation failed in Device::drawGeometry, draw dropped!
[skia] WARNING - Couldn't convert SkImage to a Graphite-backed representation
[skia] WARNING - Key context creation failed in Device::drawGeometry, draw dropped!
[skia] WARNING - Couldn't convert SkImage to a Graphite-backed representation
[skia] WARNING - Key context creation failed in Device::drawGeometry, draw dropped!
[skia] WARNING - Couldn't convert SkImage to a Graphite-backed representation
[skia] WARNING - Key context creation failed in Device::drawGeometry, draw dropped!
[skia] WARNING - Couldn't convert SkImage to a Graphite-backed representation
[skia] WARNING - Key context creation failed in Device::drawGeometry, draw dropped!
[skia] WARNING - Couldn't convert SkImage to a Graphite-backed representation
[skia] WARNING - Key context creation failed in Device::drawGeometry, draw dropped!
[skia] WARNING - Couldn't convert SkImage to a Graphite-backed representation
[skia] WARNING - Key context creation failed in Device::drawGeometry, draw dropped!
[skia] WARNING - Couldn't convert SkImage to a Graphite-backed representation
[skia] WARNING - Key context creation failed in Device::drawGeometry, draw dropped!
[skia] WARNING - Couldn't convert SkImage to a Graphite-backed representation
[skia] WARNING - Key context creation failed in Device::drawGeometry, draw dropped!
[skia] WARNING - Couldn't convert SkImage to a Graphite-backed representation
[skia] WARNING - Key context creation failed in Device::drawGeometry, draw dropped!
[skia] WARNING - Couldn't convert SkImage to a Graphite-backed representation
[skia] WARNING - Key context creation failed in Device::drawGeometry, draw dropped!
[skia] WARNING - Couldn't convert SkImage to a Graphite-backed representation
[skia] WARNING - Key context creation failed in Device::drawGeometry, draw dropped!
[skia] WARNING - Couldn't convert SkImage to a Graphite-backed representation
[skia] WARNING - Key context creation failed in Device::drawGeometry, draw dropped!
[skia] WARNING - Couldn't convert SkImage to a Graphite-backed representation
[skia] WARNING - Key context creation failed in Device::drawGeometry, draw dropped!
[skia] WARNING - Couldn't convert SkImage to a Graphite-backed representation
[skia] WARNING - Key context creation failed in Device::drawGeometry, draw dropped!
[skia] WARNING - Couldn't convert SkImage to a Graphite-backed representation
[skia] WARNING - Key context creation failed in Device::drawGeometry, draw dropped!
[skia] WARNING - Couldn't convert SkImage to a Graphite-backed representation
[skia] WARNING - Key context creation failed in Device::drawGeometry, draw dropped!
[skia] WARNING - Couldn't convert SkImage to a Graphite-backed representation
[skia] WARNING - Key context creation failed in Device::drawGeometry, draw dropped!
[skia] WARNING - Couldn't convert SkImage to a Graphite-backed representation
[skia] WARNING - Key context creation failed in Device::drawGeometry, draw dropped!
[skia] WARNING - Couldn't convert SkImage to a Graphite-backed representation
[skia] WARNING - Key context creation failed in Device::drawGeometry, draw dropped!
[skia] WARNING - Couldn't convert SkImage to a Graphite-backed representation
[skia] WARNING - Key context creation failed in Device::drawGeometry, draw dropped!
[skia] WARNING - Couldn't convert SkImage to a Graphite-backed representation
[skia] WARNING - Key context creation failed in Device::drawGeometry, draw dropped!
[skia] WARNING - Couldn't convert SkImage to a Graphite-backed representation
[skia] WARNING - Key context creation failed in Device::drawGeometry, draw dropped!
[skia] WARNING - Couldn't convert SkImage to a Graphite-backed representation
[skia] WARNING - Key context creation failed in Device::drawGeometry, draw dropped!
[skia] WARNING - Couldn't convert SkImage to a Graphite-backed representation
[skia] WARNING - Key context creation failed in Device::drawGeometry, draw dropped!
[skia] WARNING - Couldn't convert SkImage to a Graphite-backed representation
[skia] WARNING - Key context creation failed in Device::drawGeometry, draw dropped!
[skia] WARNING - Couldn't convert SkImage to a Graphite-backed representation
[skia] WARNING - Key context creation failed in Device::drawGeometry, draw dropped!
[skia] WARNING - Couldn't convert SkImage to a Graphite-backed representation
[skia] WARNING - Key context creation failed in Device::drawGeometry, draw dropped!
[skia] WARNING - Couldn't convert SkImage to a Graphite-backed representation
[skia] WARNING - Key context creation failed in Device::drawGeometry, draw dropped!
[skia] WARNING - Couldn't convert SkImage to a Graphite-backed representation
[skia] WARNING - Key context creation failed in Device::drawGeometry, draw dropped!
[skia] WARNING - Couldn't convert SkImage to a Graphite-backed representation
[skia] WARNING - Key context creation failed in Device::drawGeometry, draw dropped!
[skia] WARNING - Couldn't convert SkImage to a Graphite-backed representation
[skia] WARNING - Key context creation failed in Device::drawGeometry, draw dropped!
[skia] WARNING - Couldn't convert SkImage to a Graphite-backed representation
[skia] WARNING - Key context creation failed in Device::drawGeometry, draw dropped!
[skia] WARNING - Couldn't convert SkImage to a Graphite-backed representation
[skia] WARNING - Key context creation failed in Device::drawGeometry, draw dropped!
[skia] WARNING - Couldn't convert SkImage to a Graphite-backed representation
[skia] WARNING - Key context creation failed in Device::drawGeometry, draw dropped!
[skia] WARNING - Couldn't convert SkImage to a Graphite-backed representation
[skia] WARNING - Key context creation failed in Device::drawGeometry, draw dropped!
[10:55:10]   attribution C image sampling difference
[10:55:12]   attribution D gradient interpolation difference
[10:55:15]   attribution E shadow/blur precision difference
[10:55:20]   attribution F geometry antialiasing difference
[10:55:21]   attribution G100 layer/opacity blending difference
[10:55:23]   attribution G500 layer/opacity blending difference
[10:55:26]   attribution G1000 layer/opacity blending difference
[10:55:26] wrote /home/user/videogen/canvas-html/experiments/phase4a/results/mesa-dev-graphite/correctness.json
