[14:33:48] effects 120 y0 cpu old-render    median 35.081 p95 39.845 total 4282.267 ms (28.023 fps) peak RSS 1000.6 MiB
[14:33:53] effects 120 y0 cpu render        median 32.963 p95 37.228 total 3998.939 ms (30.008 fps) peak RSS 993.3 MiB
[14:33:57] effects 120 y0 cpu render-clone  median 33.975 p95 37.789 total 4139.554 ms (28.989 fps) peak RSS 1001.4 MiB
[14:34:01] effects 120 y0 cpu into          median 29.307 p95 31.427 total 3537.836 ms (33.919 fps) peak RSS 122.3 MiB
[14:34:05] effects 120 y0 cpu into-ring3    median 29.86 p95 32.409 total 3621.875 ms (33.132 fps) peak RSS 138.5 MiB
[14:34:15] effects 300 y0 cpu old-render    median 34.038 p95 38.335 total 10357.404 ms (28.965 fps) peak RSS 2425.4 MiB
[14:34:26] effects 300 y0 cpu render        median 33.018 p95 36.338 total 10006.135 ms (29.982 fps) peak RSS 2417.8 MiB
[14:34:36] effects 300 y0 cpu render-clone  median 33.347 p95 36.433 total 10103.992 ms (29.691 fps) peak RSS 2426 MiB
[14:34:45] effects 300 y0 cpu into          median 29.288 p95 32.438 total 8898.361 ms (33.714 fps) peak RSS 122.6 MiB
[14:34:54] effects 300 y0 cpu into-ring3    median 29.935 p95 33.535 total 9160.139 ms (32.751 fps) peak RSS 138.3 MiB
[14:35:04] effects 300 y1 cpu old-render    median 31.908 p95 35.961 total 9760.775 ms (30.735 fps) peak RSS 200.6 MiB
[14:35:14] effects 300 y1 cpu render        median 31.504 p95 34.574 total 9589.359 ms (31.285 fps) peak RSS 193 MiB
[14:35:24] effects 300 y1 cpu render-clone  median 31.5 p95 36.27 total 9676.246 ms (31.004 fps) peak RSS 200.9 MiB
[14:35:33] effects 300 y1 cpu into          median 28.997 p95 32.426 total 8836.257 ms (33.951 fps) peak RSS 123.1 MiB
[14:35:43] effects 300 y1 cpu into-ring3    median 30.013 p95 32.546 total 9102.529 ms (32.958 fps) peak RSS 138.8 MiB
[14:35:45] css 120 y0 cpu old-render    median 22.936 p95 27.677 total 2683.693 ms (44.714 fps) peak RSS 1003.2 MiB
[14:35:48] css 120 y0 cpu render        median 21.672 p95 28.018 total 2638.217 ms (45.485 fps) peak RSS 995.2 MiB
[14:35:51] css 120 y0 cpu render-clone  median 22.057 p95 27.134 total 2640.858 ms (45.44 fps) peak RSS 1003.5 MiB
[14:35:53] css 120 y0 cpu into          median 17.897 p95 22.508 total 2114.91 ms (56.74 fps) peak RSS 124.7 MiB
[14:35:56] css 120 y0 cpu into-ring3    median 18.998 p95 23.843 total 2249.074 ms (53.355 fps) peak RSS 140.8 MiB
[14:36:03] css 300 y0 cpu old-render    median 24.49 p95 28.164 total 7213.255 ms (41.59 fps) peak RSS 2427.4 MiB
[14:36:11] css 300 y0 cpu render        median 23.81 p95 26.808 total 6983.02 ms (42.961 fps) peak RSS 2420.2 MiB
[14:36:18] css 300 y0 cpu render-clone  median 25.1 p95 28.391 total 7358.943 ms (40.767 fps) peak RSS 2428.2 MiB
[14:36:24] css 300 y0 cpu into          median 20.382 p95 23.63 total 5951.764 ms (50.405 fps) peak RSS 124.9 MiB
[14:36:31] css 300 y0 cpu into-ring3    median 21.101 p95 23.52 total 6133.795 ms (48.909 fps) peak RSS 140.8 MiB
[14:36:32] gsap 120 y0 cpu old-render    median 7.663 p95 10.951 total 979.332 ms (122.532 fps) peak RSS 1006.6 MiB
[14:36:33] gsap 120 y0 cpu render        median 7.278 p95 11.008 total 940.831 ms (127.547 fps) peak RSS 998.8 MiB
[14:36:34] gsap 120 y0 cpu render-clone  median 7.593 p95 11.593 total 988.959 ms (121.34 fps) peak RSS 1007.1 MiB
[14:36:35] gsap 120 y0 cpu into          median 3.357 p95 7.51 total 481.946 ms (248.991 fps) peak RSS 128 MiB
[14:36:36] gsap 120 y0 cpu into-ring3    median 4.021 p95 7.787 total 542.962 ms (221.01 fps) peak RSS 144.2 MiB
[14:36:39] gsap 300 y0 cpu old-render    median 7.109 p95 9.497 total 2242.22 ms (133.796 fps) peak RSS 2431.4 MiB
[14:36:41] gsap 300 y0 cpu render        median 6.502 p95 8.976 total 2090.321 ms (143.519 fps) peak RSS 2422.9 MiB
[14:36:43] gsap 300 y0 cpu render-clone  median 6.991 p95 9.592 total 2229.044 ms (134.587 fps) peak RSS 2431.7 MiB
[14:36:45] gsap 300 y0 cpu into          median 2.848 p95 5.421 total 982.814 ms (305.246 fps) peak RSS 128.3 MiB
[14:36:46] gsap 300 y0 cpu into-ring3    median 3.259 p95 6.763 total 1137.078 ms (263.834 fps) peak RSS 144.1 MiB
[14:36:48] effects 120 y0 gpu-gl old-render    median 11.063 p95 13.869 total 1383.532 ms (86.735 fps) peak RSS 1178.1 MiB
[14:36:50] effects 120 y0 gpu-gl render        median 9.954 p95 12.367 total 1246.681 ms (96.256 fps) peak RSS 1112.5 MiB
[14:36:51] effects 120 y0 gpu-gl render-clone  median 10.881 p95 13.498 total 1368.118 ms (87.712 fps) peak RSS 1120.8 MiB
[14:36:52] effects 120 y0 gpu-gl into          median 6.255 p95 8.106 total 800.716 ms (149.866 fps) peak RSS 242 MiB
[14:36:54] effects 120 y0 gpu-gl into-ring3    median 6.381 p95 8.128 total 811.271 ms (147.916 fps) peak RSS 257.7 MiB
[14:36:57] effects 300 y0 gpu-gl old-render    median 10.926 p95 13.659 total 3409.571 ms (87.988 fps) peak RSS 2545 MiB
[14:37:01] effects 300 y0 gpu-gl render        median 9.847 p95 12.492 total 3109.604 ms (96.475 fps) peak RSS 2537.7 MiB
[14:37:05] effects 300 y0 gpu-gl render-clone  median 10.764 p95 14.446 total 3428.282 ms (87.507 fps) peak RSS 2545.7 MiB
[14:37:07] effects 300 y0 gpu-gl into          median 6.253 p95 7.819 total 1964.767 ms (152.69 fps) peak RSS 242.3 MiB
[14:37:09] effects 300 y0 gpu-gl into-ring3    median 6.117 p95 7.68 total 1939.914 ms (154.646 fps) peak RSS 258.1 MiB
[14:37:12] effects 300 y1 gpu-gl old-render    median 8.038 p95 11.543 total 2717.206 ms (110.408 fps) peak RSS 320.2 MiB
[14:37:15] effects 300 y1 gpu-gl render        median 7.642 p95 11.187 total 2612.378 ms (114.838 fps) peak RSS 312.4 MiB
[14:37:18] effects 300 y1 gpu-gl render-clone  median 8.201 p95 11.752 total 2735.03 ms (109.688 fps) peak RSS 320.1 MiB
[14:37:21] effects 300 y1 gpu-gl into          median 6.292 p95 8.046 total 1995.096 ms (150.369 fps) peak RSS 242.3 MiB
[14:37:23] effects 300 y1 gpu-gl into-ring3    median 6.333 p95 8.218 total 2024.87 ms (148.158 fps) peak RSS 258.1 MiB
[14:37:25] css 120 y0 gpu-gl old-render    median 11.242 p95 14.161 total 1383.918 ms (86.71 fps) peak RSS 1187.6 MiB
[14:37:26] css 120 y0 gpu-gl render        median 10.022 p95 12.679 total 1244.747 ms (96.405 fps) peak RSS 1116 MiB
[14:37:28] css 120 y0 gpu-gl render-clone  median 11.379 p95 14.655 total 1419.972 ms (84.509 fps) peak RSS 1124.2 MiB
[14:37:29] css 120 y0 gpu-gl into          median 6.363 p95 8.616 total 794.81 ms (150.979 fps) peak RSS 245.5 MiB
[14:37:31] css 120 y0 gpu-gl into-ring3    median 6.539 p95 8.916 total 818.838 ms (146.549 fps) peak RSS 261.1 MiB
[14:37:34] css 300 y0 gpu-gl old-render    median 10.728 p95 13.354 total 3349.095 ms (89.576 fps) peak RSS 2549.2 MiB
[14:37:38] css 300 y0 gpu-gl render        median 10.021 p95 12.787 total 3150.211 ms (95.232 fps) peak RSS 2541.5 MiB
[14:37:42] css 300 y0 gpu-gl render-clone  median 10.671 p95 13.881 total 3371.016 ms (88.994 fps) peak RSS 2549.5 MiB
[14:37:44] css 300 y0 gpu-gl into          median 6.039 p95 7.947 total 1927.44 ms (155.647 fps) peak RSS 246.3 MiB
[14:37:46] css 300 y0 gpu-gl into-ring3    median 6.043 p95 7.843 total 1913.467 ms (156.783 fps) peak RSS 262 MiB
[14:37:48] gsap 120 y0 gpu-gl old-render    median 8.196 p95 12.167 total 1046.115 ms (114.71 fps) peak RSS 1122.6 MiB
[14:37:49] gsap 120 y0 gpu-gl render        median 7.502 p95 10.941 total 955.151 ms (125.635 fps) peak RSS 1115 MiB
[14:37:50] gsap 120 y0 gpu-gl render-clone  median 7.852 p95 11.563 total 1009.45 ms (118.877 fps) peak RSS 1122.1 MiB
[14:37:51] gsap 120 y0 gpu-gl into          median 3.503 p95 7.08 total 488.045 ms (245.879 fps) peak RSS 244.3 MiB
[14:37:52] gsap 120 y0 gpu-gl into-ring3    median 3.467 p95 7.046 total 486 ms (246.914 fps) peak RSS 259.3 MiB
[14:37:55] gsap 300 y0 gpu-gl old-render    median 7.368 p95 10.34 total 2350.067 ms (127.656 fps) peak RSS 2547.8 MiB
[14:37:58] gsap 300 y0 gpu-gl render        median 6.751 p95 9.859 total 2167.61 ms (138.401 fps) peak RSS 2539.4 MiB
[14:38:00] gsap 300 y0 gpu-gl render-clone  median 7.656 p95 10.42 total 2412.464 ms (124.354 fps) peak RSS 2547.8 MiB
[14:38:02] gsap 300 y0 gpu-gl into          median 2.945 p95 5.594 total 1022.977 ms (293.262 fps) peak RSS 243.9 MiB
[14:38:03] gsap 300 y0 gpu-gl into-ring3    median 2.99 p95 5.61 total 1026.238 ms (292.33 fps) peak RSS 260.3 MiB
[14:38:05] effects 120 y0 gpu-vulkan old-render    median 10.288 p95 13.333 total 1304.61 ms (91.982 fps) peak RSS 1181.2 MiB
[14:38:07] effects 120 y0 gpu-vulkan render        median 9.488 p95 12.297 total 1194.119 ms (100.493 fps) peak RSS 1161.3 MiB
[14:38:09] effects 120 y0 gpu-vulkan render-clone  median 10.121 p95 12.603 total 1281.792 ms (93.619 fps) peak RSS 1169 MiB
[14:38:10] effects 120 y0 gpu-vulkan into          median 5.823 p95 7.614 total 750.454 ms (159.903 fps) peak RSS 290.4 MiB
[14:38:11] effects 120 y0 gpu-vulkan into-ring3    median 6.284 p95 8.436 total 809.639 ms (148.214 fps) peak RSS 306.2 MiB
[14:38:15] effects 300 y0 gpu-vulkan old-render    median 10.393 p95 13.329 total 3267.655 ms (91.809 fps) peak RSS 2593.7 MiB
[14:38:19] effects 300 y0 gpu-vulkan render        median 9.339 p95 11.735 total 2958.771 ms (101.393 fps) peak RSS 2586.3 MiB
[14:38:23] effects 300 y0 gpu-vulkan render-clone  median 10.513 p95 14.9 total 3380.137 ms (88.754 fps) peak RSS 2593.9 MiB
[14:38:25] effects 300 y0 gpu-vulkan into          median 6.146 p95 8.317 total 1965.195 ms (152.657 fps) peak RSS 290.9 MiB
[14:38:28] effects 300 y0 gpu-vulkan into-ring3    median 6.423 p95 8.321 total 2044.801 ms (146.714 fps) peak RSS 306.6 MiB
[14:38:31] effects 300 y1 gpu-vulkan old-render    median 7.642 p95 9.974 total 2507.828 ms (119.625 fps) peak RSS 362.8 MiB
[14:38:34] effects 300 y1 gpu-vulkan render        median 7.681 p95 10.958 total 2581.903 ms (116.193 fps) peak RSS 360.8 MiB
[14:38:37] effects 300 y1 gpu-vulkan render-clone  median 7.994 p95 12.076 total 2704.874 ms (110.911 fps) peak RSS 369.4 MiB
[14:38:40] effects 300 y1 gpu-vulkan into          median 5.992 p95 8.057 total 1923.904 ms (155.933 fps) peak RSS 290.7 MiB
[14:38:42] effects 300 y1 gpu-vulkan into-ring3    median 6.415 p95 8.378 total 2052.882 ms (146.136 fps) peak RSS 306.9 MiB
[14:38:44] css 120 y0 gpu-vulkan old-render    median 10.372 p95 13.311 total 1301.107 ms (92.229 fps) peak RSS 1184.7 MiB
[14:38:46] css 120 y0 gpu-vulkan render        median 9.536 p95 12.345 total 1197.589 ms (100.201 fps) peak RSS 1164.6 MiB
[14:38:48] css 120 y0 gpu-vulkan render-clone  median 10.468 p95 13.59 total 1319.593 ms (90.937 fps) peak RSS 1172.5 MiB
[14:38:49] css 120 y0 gpu-vulkan into          median 6.367 p95 8.876 total 811.234 ms (147.923 fps) peak RSS 293.6 MiB
[14:38:51] css 120 y0 gpu-vulkan into-ring3    median 6.879 p95 9.532 total 871.621 ms (137.674 fps) peak RSS 309.9 MiB
[14:38:55] css 300 y0 gpu-vulkan old-render    median 10.348 p95 13.214 total 3269.032 ms (91.77 fps) peak RSS 2597.1 MiB
[14:38:58] css 300 y0 gpu-vulkan render        median 9.317 p95 11.882 total 2941.674 ms (101.983 fps) peak RSS 2589.1 MiB
[14:39:02] css 300 y0 gpu-vulkan render-clone  median 10.508 p95 13.239 total 3290.918 ms (91.16 fps) peak RSS 2597.2 MiB
[14:39:04] css 300 y0 gpu-vulkan into          median 5.817 p95 7.78 total 1889.479 ms (158.774 fps) peak RSS 294.2 MiB
[14:39:07] css 300 y0 gpu-vulkan into-ring3    median 6.549 p95 8.661 total 2079.376 ms (144.274 fps) peak RSS 309.8 MiB
[14:39:09] gsap 120 y0 gpu-vulkan old-render    median 7.65 p95 11.118 total 978.123 ms (122.684 fps) peak RSS 1169 MiB
[14:39:10] gsap 120 y0 gpu-vulkan render        median 6.962 p95 10.243 total 894.461 ms (134.159 fps) peak RSS 1161.1 MiB
[14:39:12] gsap 120 y0 gpu-vulkan render-clone  median 7.664 p95 11.125 total 985.923 ms (121.713 fps) peak RSS 1169 MiB
[14:39:13] gsap 120 y0 gpu-vulkan into          median 3.472 p95 6.596 total 478.115 ms (250.986 fps) peak RSS 290.1 MiB
[14:39:14] gsap 120 y0 gpu-vulkan into-ring3    median 3.887 p95 7.338 total 534.713 ms (224.419 fps) peak RSS 305.8 MiB
[14:39:17] gsap 300 y0 gpu-vulkan old-render    median 7.168 p95 9.638 total 2279.378 ms (131.615 fps) peak RSS 2593.6 MiB
[14:39:19] gsap 300 y0 gpu-vulkan render        median 6.49 p95 8.915 total 2080.093 ms (144.224 fps) peak RSS 2585.9 MiB
[14:39:22] gsap 300 y0 gpu-vulkan render-clone  median 7.148 p95 9.724 total 2268.138 ms (132.267 fps) peak RSS 2593.6 MiB
[14:39:24] gsap 300 y0 gpu-vulkan into          median 2.834 p95 5.205 total 977.51 ms (306.902 fps) peak RSS 290.5 MiB
[14:39:26] gsap 300 y0 gpu-vulkan into-ring3    median 3.389 p95 5.943 total 1145.532 ms (261.887 fps) peak RSS 306.1 MiB
