[14:39:34] check gpu-gl effects 1080p sync         identical to sync: true
[14:39:34] check gpu-gl effects 1080p deferred d1  identical to sync: true
[14:39:34] check gpu-gl effects 1080p deferred d2  identical to sync: true
[14:39:34] check gpu-gl effects 1080p deferred d3  identical to sync: true
[14:39:34] check gpu-gl effects 1080p deferred d4  identical to sync: true
[14:39:34] check gpu-gl effects 1080p pbo d1       identical to sync: true
[14:39:34] check gpu-gl effects 1080p pbo d2       identical to sync: true
[14:39:34] check gpu-gl effects 1080p pbo d3       identical to sync: true
[14:39:34] check gpu-gl effects 1080p pbo d4       identical to sync: true
[14:39:42] bench gpu-gl effects 1080p sync         149.032 fps (6.71 ms/frame), upper bound 35% of frame (2.322 ms), rss 241.7 MiB
[14:39:42] bench gpu-gl effects 1080p deferred d1  159.525 fps (6.269 ms/frame), latency median 4.472 ms, rss 241.8 MiB
[14:39:42] bench gpu-gl effects 1080p deferred d2  157.749 fps (6.339 ms/frame), latency median 11.13 ms, rss 242.1 MiB
[14:39:42] bench gpu-gl effects 1080p deferred d3  154.828 fps (6.459 ms/frame), latency median 17.681 ms, rss 245.4 MiB
[14:39:42] bench gpu-gl effects 1080p deferred d4  146.978 fps (6.804 ms/frame), latency median 24.183 ms, rss 247.4 MiB
[14:39:42] bench gpu-gl effects 1080p pbo d1       157.658 fps (6.343 ms/frame), latency median 4.342 ms, rss 255.8 MiB
[14:39:42] bench gpu-gl effects 1080p pbo d2       161.448 fps (6.194 ms/frame), latency median 10.338 ms, rss 264.2 MiB
[14:39:42] bench gpu-gl effects 1080p pbo d3       163.427 fps (6.119 ms/frame), latency median 16.667 ms, rss 272.7 MiB
[14:39:42] bench gpu-gl effects 1080p pbo d4       164.023 fps (6.097 ms/frame), latency median 22.654 ms, rss 281.4 MiB
[14:39:57] bench gpu-gl effects 4K sync         66.758 fps (14.979 ms/frame), upper bound 56% of frame (8.4 ms), rss 408.8 MiB
[14:39:57] bench gpu-gl effects 4K deferred d1  71.153 fps (14.054 ms/frame), latency median 10.255 ms, rss 408.6 MiB
[14:39:57] bench gpu-gl effects 4K deferred d2  71.218 fps (14.041 ms/frame), latency median 24.246 ms, rss 410 MiB
[14:39:57] bench gpu-gl effects 4K deferred d3  71.528 fps (13.98 ms/frame), latency median 38.37 ms, rss 418 MiB
[14:39:57] bench gpu-gl effects 4K deferred d4  70.765 fps (14.131 ms/frame), latency median 52.572 ms, rss 414.5 MiB
[14:39:57] bench gpu-gl effects 4K pbo d1       64.017 fps (15.621 ms/frame), latency median 10.41 ms, rss 446.5 MiB
[14:39:57] bench gpu-gl effects 4K pbo d2       79.05 fps (12.65 ms/frame), latency median 21.327 ms, rss 479.9 MiB
[14:39:57] bench gpu-gl effects 4K pbo d3       79.619 fps (12.56 ms/frame), latency median 33.606 ms, rss 513 MiB
[14:39:57] bench gpu-gl effects 4K pbo d4       80.236 fps (12.463 ms/frame), latency median 45.568 ms, rss 546.1 MiB
[14:40:06] check gpu-gl css 1080p sync         identical to sync: true
[14:40:06] check gpu-gl css 1080p deferred d1  identical to sync: true
[14:40:06] check gpu-gl css 1080p deferred d2  identical to sync: true
[14:40:06] check gpu-gl css 1080p deferred d3  identical to sync: true
[14:40:06] check gpu-gl css 1080p deferred d4  identical to sync: true
[14:40:06] check gpu-gl css 1080p pbo d1       identical to sync: true
[14:40:06] check gpu-gl css 1080p pbo d2       identical to sync: true
[14:40:06] check gpu-gl css 1080p pbo d3       identical to sync: true
[14:40:06] check gpu-gl css 1080p pbo d4       identical to sync: true
[14:40:13] bench gpu-gl css 1080p sync         154.992 fps (6.452 ms/frame), upper bound 33% of frame (2.157 ms), rss 245.7 MiB
[14:40:13] bench gpu-gl css 1080p deferred d1  161.626 fps (6.187 ms/frame), latency median 4.745 ms, rss 251.5 MiB
[14:40:13] bench gpu-gl css 1080p deferred d2  157.773 fps (6.338 ms/frame), latency median 11.256 ms, rss 255.8 MiB
[14:40:13] bench gpu-gl css 1080p deferred d3  153.913 fps (6.497 ms/frame), latency median 18.173 ms, rss 264.8 MiB
[14:40:13] bench gpu-gl css 1080p deferred d4  132.289 fps (7.559 ms/frame), latency median 29.488 ms, rss 268.6 MiB
[14:40:13] bench gpu-gl css 1080p pbo d1       160.247 fps (6.24 ms/frame), latency median 4.523 ms, rss 280.1 MiB
[14:40:13] bench gpu-gl css 1080p pbo d2       163.381 fps (6.121 ms/frame), latency median 10.866 ms, rss 291.6 MiB
[14:40:13] bench gpu-gl css 1080p pbo d3       162.284 fps (6.162 ms/frame), latency median 17.401 ms, rss 303.3 MiB
[14:40:13] bench gpu-gl css 1080p pbo d4       155.491 fps (6.431 ms/frame), latency median 24.264 ms, rss 315.1 MiB
[14:40:27] bench gpu-gl css 4K sync         74.329 fps (13.454 ms/frame), upper bound 60% of frame (8.081 ms), rss 354.7 MiB
[14:40:27] bench gpu-gl css 4K deferred d1  77.038 fps (12.981 ms/frame), latency median 10.687 ms, rss 361.6 MiB
[14:40:27] bench gpu-gl css 4K deferred d2  75.927 fps (13.171 ms/frame), latency median 23.688 ms, rss 365.3 MiB
[14:40:27] bench gpu-gl css 4K deferred d3  74.923 fps (13.347 ms/frame), latency median 36.892 ms, rss 377.9 MiB
[14:40:27] bench gpu-gl css 4K deferred d4  77.487 fps (12.905 ms/frame), latency median 49.887 ms, rss 381.8 MiB
[14:40:27] bench gpu-gl css 4K pbo d1       77.043 fps (12.98 ms/frame), latency median 9.709 ms, rss 413.1 MiB
[14:40:27] bench gpu-gl css 4K pbo d2       88.054 fps (11.357 ms/frame), latency median 20.331 ms, rss 449.2 MiB
[14:40:27] bench gpu-gl css 4K pbo d3       88.29 fps (11.326 ms/frame), latency median 31.715 ms, rss 485.2 MiB
[14:40:27] bench gpu-gl css 4K pbo d4       86.985 fps (11.496 ms/frame), latency median 44.086 ms, rss 521.1 MiB
[14:40:32] check gpu-vulkan effects 1080p sync         identical to sync: true
[14:40:32] check gpu-vulkan effects 1080p deferred d1  identical to sync: true
[14:40:32] check gpu-vulkan effects 1080p deferred d2  identical to sync: true
[14:40:32] check gpu-vulkan effects 1080p deferred d3  identical to sync: true
[14:40:32] check gpu-vulkan effects 1080p deferred d4  identical to sync: true
[14:40:37] bench gpu-vulkan effects 1080p sync         142.235 fps (7.031 ms/frame), upper bound 43% of frame (2.997 ms), rss 290.1 MiB
[14:40:37] bench gpu-vulkan effects 1080p deferred d1  153.31 fps (6.523 ms/frame), latency median 5.088 ms, rss 290.1 MiB
[14:40:37] bench gpu-vulkan effects 1080p deferred d2  154.827 fps (6.459 ms/frame), latency median 11.501 ms, rss 290.6 MiB
[14:40:37] bench gpu-vulkan effects 1080p deferred d3  158.248 fps (6.319 ms/frame), latency median 17.851 ms, rss 296 MiB
[14:40:37] bench gpu-vulkan effects 1080p deferred d4  129.475 fps (7.724 ms/frame), latency median 31.524 ms, rss 296.5 MiB
[14:40:47] bench gpu-vulkan effects 4K sync         65.681 fps (15.225 ms/frame), upper bound 65% of frame (9.853 ms), rss 428 MiB
[14:40:47] bench gpu-vulkan effects 4K deferred d1  68.583 fps (14.581 ms/frame), latency median 11.556 ms, rss 427.9 MiB
[14:40:47] bench gpu-vulkan effects 4K deferred d2  71.53 fps (13.98 ms/frame), latency median 25.287 ms, rss 432 MiB
[14:40:47] bench gpu-vulkan effects 4K deferred d3  64.756 fps (15.443 ms/frame), latency median 40.555 ms, rss 434.9 MiB
[14:40:47] bench gpu-vulkan effects 4K deferred d4  67.042 fps (14.916 ms/frame), latency median 53.968 ms, rss 437.8 MiB
[14:40:52] check gpu-vulkan css 1080p sync         identical to sync: true
[14:40:52] check gpu-vulkan css 1080p deferred d1  identical to sync: true
[14:40:52] check gpu-vulkan css 1080p deferred d2  identical to sync: true
[14:40:52] check gpu-vulkan css 1080p deferred d3  identical to sync: true
[14:40:52] check gpu-vulkan css 1080p deferred d4  identical to sync: true
[14:40:57] bench gpu-vulkan css 1080p sync         137.469 fps (7.274 ms/frame), upper bound 40% of frame (2.872 ms), rss 293.8 MiB
[14:40:57] bench gpu-vulkan css 1080p deferred d1  149.489 fps (6.689 ms/frame), latency median 5.401 ms, rss 298.8 MiB
[14:40:57] bench gpu-vulkan css 1080p deferred d2  151.853 fps (6.585 ms/frame), latency median 12.075 ms, rss 302.6 MiB
[14:40:57] bench gpu-vulkan css 1080p deferred d3  153.469 fps (6.516 ms/frame), latency median 18.671 ms, rss 311.3 MiB
[14:40:57] bench gpu-vulkan css 1080p deferred d4  132.23 fps (7.563 ms/frame), latency median 27.163 ms, rss 315.4 MiB
[14:41:06] bench gpu-vulkan css 4K sync         69.435 fps (14.402 ms/frame), upper bound 66% of frame (9.468 ms), rss 420.9 MiB
[14:41:06] bench gpu-vulkan css 4K deferred d1  71.784 fps (13.931 ms/frame), latency median 11.713 ms, rss 425.4 MiB
[14:41:06] bench gpu-vulkan css 4K deferred d2  70.087 fps (14.268 ms/frame), latency median 25.773 ms, rss 429 MiB
[14:41:06] bench gpu-vulkan css 4K deferred d3  71.439 fps (13.998 ms/frame), latency median 39.602 ms, rss 435.4 MiB
[14:41:06] bench gpu-vulkan css 4K deferred d4  68.129 fps (14.678 ms/frame), latency median 53.573 ms, rss 441.7 MiB
