[14:44:37] cpu clone         1 workers: 25.138 fps, mismatches 0, missing 0, worker exits 0
[14:44:37] cpu clone         2 workers: 49.41 fps, mismatches 0, missing 0, worker exits 0,0
[14:44:37] cpu clone         4 workers: 78.5 fps, mismatches 0, missing 0, worker exits 0,0,0,0
[14:44:37] cpu into-transfer 1 workers: 27.705 fps, mismatches 0, missing 0, worker exits 0
[14:44:37] cpu into-transfer 2 workers: 50.619 fps, mismatches 0, missing 0, worker exits 0,0
[14:44:37] cpu into-transfer 4 workers: 84.668 fps, mismatches 0, missing 0, worker exits 0,0,0,0
[14:44:37] cpu shared        1 workers: 28.578 fps, mismatches 0, missing 0, worker exits 0
[14:44:37] cpu shared        2 workers: 53.124 fps, mismatches 0, missing 0, worker exits 0,0
[14:44:37] cpu shared        4 workers: 66.918 fps, mismatches 0, missing 0, worker exits 0,0,0,0
[14:44:58] gpu-gl clone         1 workers: 57.232 fps, mismatches 0, missing 0, worker exits 0
[14:44:58] gpu-gl clone         2 workers: 84.19 fps, mismatches 0, missing 0, worker exits 0,0
[14:44:58] gpu-gl clone         4 workers: 75.365 fps, mismatches 0, missing 0, worker exits 0,0,0,0
[14:44:58] gpu-gl into-transfer 1 workers: 71.537 fps, mismatches 0, missing 0, worker exits 0
[14:44:58] gpu-gl into-transfer 2 workers: 101.664 fps, mismatches 0, missing 0, worker exits 0,0
[14:44:58] gpu-gl into-transfer 4 workers: 77.785 fps, mismatches 0, missing 0, worker exits 0,0,0,0
[14:44:58] gpu-gl shared        1 workers: 74.434 fps, mismatches 0, missing 0, worker exits 0
[14:44:58] gpu-gl shared        2 workers: 82.231 fps, mismatches 0, missing 0, worker exits 0,0
[14:44:58] gpu-gl shared        4 workers: 62.492 fps, mismatches 0, missing 0, worker exits 0,0,0,0
[14:45:21] gpu-vulkan clone         1 workers: 45.693 fps, mismatches 0, missing 0, worker exits 0
[14:45:21] gpu-vulkan clone         2 workers: 55.493 fps, mismatches 0, missing 0, worker exits 0,0
[14:45:21] gpu-vulkan clone         4 workers: 51.488 fps, mismatches 0, missing 0, worker exits 0,0,0,0
[14:45:21] gpu-vulkan into-transfer 1 workers: 60.612 fps, mismatches 0, missing 0, worker exits 0
[14:45:21] gpu-vulkan into-transfer 2 workers: 64.694 fps, mismatches 0, missing 0, worker exits 0,0
[14:45:21] gpu-vulkan into-transfer 4 workers: 51.689 fps, mismatches 0, missing 0, worker exits 0,0,0,0
[14:45:21] gpu-vulkan shared        1 workers: 55.935 fps, mismatches 0, missing 0, worker exits 0
[14:45:21] gpu-vulkan shared        2 workers: 64.477 fps, mismatches 0, missing 0, worker exits 0,0
[14:45:21] gpu-vulkan shared        4 workers: 57.522 fps, mismatches 0, missing 0, worker exits 0,0,0,0
