[22:13:09] correctness 720p
[22:13:13]   A gpu-gl: minor (0.7418% px, max 53, >32: 0.0053%) | gpu-vulkan: minor (0.7418% px, max 53, >32: 0.0053%)
[22:13:14]   B gpu-gl: minor (73.3614% px, max 11, >32: 0%) | gpu-vulkan: minor (73.3319% px, max 11, >32: 0%)
[22:13:15]   C gpu-gl: minor (83.859% px, max 53, >32: 0.0093%) | gpu-vulkan: minor (83.0865% px, max 53, >32: 0.0093%)
[22:13:16]   D gpu-gl: minor (87.0817% px, max 53, >32: 0.0076%) | gpu-vulkan: minor (86.6232% px, max 53, >32: 0.0077%)
[22:13:17]   E gpu-gl: minor (89.8952% px, max 66, >32: 0.0099%) | gpu-vulkan: minor (88.5997% px, max 66, >32: 0.0098%)
[22:13:17]   F gpu-gl: edge-aa (52.0748% px, max 122, >32: 1.7118%) | gpu-vulkan: edge-aa (51.467% px, max 122, >32: 1.7138%)
[22:13:18]   G100 gpu-gl: minor (12.7287% px, max 63, >32: 0.0143%) | gpu-vulkan: minor (12.4566% px, max 63, >32: 0.0142%)
[22:13:19]   G500 gpu-gl: minor (45.5195% px, max 66, >32: 0.046%) | gpu-vulkan: minor (45.4493% px, max 66, >32: 0.0455%)
[22:13:20]   G1000 gpu-gl: minor (67.1828% px, max 71, >32: 0.0586%) | gpu-vulkan: minor (66.6599% px, max 71, >32: 0.0579%)
[22:13:20] correctness 1080p
[22:13:24]   A gpu-gl: minor (0.4687% px, max 64, >32: 0.0037%) | gpu-vulkan: minor (0.4687% px, max 64, >32: 0.0037%)
[22:13:25]   B gpu-gl: edge-aa (72.3224% px, max 169, >32: 0.7659%) | gpu-vulkan: edge-aa (72.3006% px, max 170, >32: 0.7658%)
[22:13:26]   C gpu-gl: minor (83.7104% px, max 54, >32: 0.0013%) | gpu-vulkan: minor (82.948% px, max 54, >32: 0.0013%)
[22:13:27]   D gpu-gl: minor (87.1676% px, max 68, >32: 0.0019%) | gpu-vulkan: minor (86.6525% px, max 68, >32: 0.0018%)
[22:13:28]   E gpu-gl: minor (84.6032% px, max 82, >32: 0.0068%) | gpu-vulkan: minor (83.1593% px, max 81, >32: 0.0066%)
[22:13:29]   F gpu-gl: edge-aa (49.0581% px, max 128, >32: 0.9591%) | gpu-vulkan: edge-aa (48.4203% px, max 127, >32: 0.9592%)
[22:13:30]   G100 gpu-gl: minor (12.4924% px, max 70, >32: 0.0137%) | gpu-vulkan: minor (12.2038% px, max 70, >32: 0.0134%)
[22:13:30]   G500 gpu-gl: minor (44.7856% px, max 90, >32: 0.0379%) | gpu-vulkan: minor (44.6857% px, max 90, >32: 0.0375%)
[22:13:31]   G1000 gpu-gl: minor (66.397% px, max 81, >32: 0.0504%) | gpu-vulkan: minor (65.833% px, max 81, >32: 0.0497%)
[22:13:31]   attribution A text rasterization difference
[22:13:33]   attribution B text rasterization difference
[22:13:35]   attribution C image sampling difference
[22:13:36]   attribution D gradient interpolation difference
[22:13:37]   attribution E shadow/blur precision difference
[22:13:39]   attribution F geometry antialiasing difference
[22:13:40]   attribution G100 layer/opacity blending difference
[22:13:41]   attribution G500 layer/opacity blending difference
[22:13:43]   attribution G1000 layer/opacity blending difference
[22:13:43] wrote /content/engine/experiments/phase4a/results/colab-l4-4a3/correctness.json
