name, driver_version, clocks.max.sm [MHz], temperature.gpu
NVIDIA L4, 580.82.07, 2040 MHz, 36
render-into (gpu-gl): all passed
RENDER_INTO_gpu-gl=0
render-into-workers (gpu-gl): all passed
WORKERS_gpu-gl=0
hardening (gpu-gl): all passed
HARDENING_gpu-gl=0
render-into (gpu-vulkan): all passed
RENDER_INTO_gpu-vulkan=0
render-into-workers (gpu-vulkan): all passed
WORKERS_gpu-vulkan=0
hardening (gpu-vulkan): all passed
HARDENING_gpu-vulkan=0
gpu-gl: 39 frames; before render() vs after render(): 0 differ; after render() vs renderInto(): 0 differ
REGRESSION_gpu-gl=0
gpu-vulkan: 39 frames; before render() vs after render(): 0 differ; after render() vs renderInto(): 0 differ
REGRESSION_gpu-vulkan=0
CORRECTNESS_EXIT=0
cpu        A 1080p baseline render() median 5.86 ms  p95 7.44 ms  peak RSS 218 MiB
cpu        A 1080p baseline into     median 2.15 ms  p95 2.18 ms  peak RSS 83 MiB
cpu        A 1080p 4A.3 render()     median 5.86 ms  p95 7.61 ms  peak RSS 217 MiB
cpu        A 1080p 4A.3 renderInto   median 2.14 ms  p95 2.63 ms  peak RSS 82 MiB
cpu        A 4K    baseline render() median 25.32 ms  p95 26.29 ms  peak RSS 487 MiB
cpu        A 4K    baseline into     median 11.4 ms  p95 12.09 ms  peak RSS 106 MiB
cpu        A 4K    4A.3 render()     median 24.88 ms  p95 27.22 ms  peak RSS 486 MiB
cpu        A 4K    4A.3 renderInto   median 11.13 ms  p95 12.27 ms  peak RSS 106 MiB
cpu        E 1080p baseline render() median 187.94 ms  p95 190.91 ms  peak RSS 219 MiB
cpu        E 1080p baseline into     median 185.39 ms  p95 188.21 ms  peak RSS 84 MiB
cpu        E 1080p 4A.3 render()     median 187.48 ms  p95 189.83 ms  peak RSS 219 MiB
cpu        E 1080p 4A.3 renderInto   median 184.44 ms  p95 187.25 ms  peak RSS 84 MiB
cpu        E 4K    baseline render() median 410.48 ms  p95 416.73 ms  peak RSS 493 MiB
cpu        E 4K    baseline into     median 403.33 ms  p95 408.24 ms  peak RSS 113 MiB
cpu        E 4K    4A.3 render()     median 412.7 ms  p95 414.09 ms  peak RSS 493 MiB
cpu        E 4K    4A.3 renderInto   median 403.72 ms  p95 406.79 ms  peak RSS 113 MiB
gpu-gl     A 1080p baseline render() median 6.03 ms  p95 7.92 ms  peak RSS 325 MiB
gpu-gl     A 1080p baseline into     median 2.23 ms  p95 3.91 ms  peak RSS 190 MiB
gpu-gl     A 1080p 4A.3 render()     median 5.97 ms  p95 7.69 ms  peak RSS 325 MiB
gpu-gl     A 1080p 4A.3 renderInto   median 2.21 ms  p95 3.91 ms  peak RSS 190 MiB
gpu-gl     A 4K    baseline render() median 22.88 ms  p95 24.13 ms  peak RSS 648 MiB
gpu-gl     A 4K    baseline into     median 7.49 ms  p95 7.66 ms  peak RSS 211 MiB
gpu-gl     A 4K    4A.3 render()     median 22.49 ms  p95 23.64 ms  peak RSS 590 MiB
gpu-gl     A 4K    4A.3 renderInto   median 7.47 ms  p95 7.56 ms  peak RSS 210 MiB
gpu-gl     E 1080p baseline render() median 32.35 ms  p95 34.14 ms  peak RSS 371 MiB
gpu-gl     E 1080p baseline into     median 29.31 ms  p95 30.13 ms  peak RSS 236 MiB
gpu-gl     E 1080p 4A.3 render()     median 32.25 ms  p95 36.27 ms  peak RSS 371 MiB
gpu-gl     E 1080p 4A.3 renderInto   median 28.13 ms  p95 30.27 ms  peak RSS 236 MiB
gpu-gl     E 4K    baseline render() median 64.54 ms  p95 65.61 ms  peak RSS 727 MiB
gpu-gl     E 4K    baseline into     median 48.93 ms  p95 49.34 ms  peak RSS 290 MiB
gpu-gl     E 4K    4A.3 render()     median 64.54 ms  p95 66.15 ms  peak RSS 669 MiB
gpu-gl     E 4K    4A.3 renderInto   median 48.79 ms  p95 49.05 ms  peak RSS 289 MiB
gpu-vulkan A 1080p baseline render() median 5.5 ms  p95 7.61 ms  peak RSS 377 MiB
gpu-vulkan A 1080p baseline into     median 1.82 ms  p95 2.1 ms  peak RSS 241 MiB
gpu-vulkan A 1080p 4A.3 render()     median 5.42 ms  p95 7.1 ms  peak RSS 376 MiB
gpu-vulkan A 1080p 4A.3 renderInto   median 1.85 ms  p95 2.12 ms  peak RSS 241 MiB
gpu-vulkan A 4K    baseline render() median 22.91 ms  p95 24.23 ms  peak RSS 682 MiB
gpu-vulkan A 4K    baseline into     median 9.17 ms  p95 9.2 ms  peak RSS 289 MiB
gpu-vulkan A 4K    4A.3 render()     median 22.66 ms  p95 23.88 ms  peak RSS 669 MiB
gpu-vulkan A 4K    4A.3 renderInto   median 9.2 ms  p95 9.37 ms  peak RSS 289 MiB
gpu-vulkan E 1080p baseline render() median 24.33 ms  p95 26 ms  peak RSS 406 MiB
gpu-vulkan E 1080p baseline into     median 21.23 ms  p95 21.5 ms  peak RSS 271 MiB
gpu-vulkan E 1080p 4A.3 render()     median 24.65 ms  p95 26.38 ms  peak RSS 406 MiB
gpu-vulkan E 1080p 4A.3 renderInto   median 21.33 ms  p95 21.73 ms  peak RSS 271 MiB
gpu-vulkan E 4K    baseline render() median 76.3 ms  p95 78.28 ms  peak RSS 734 MiB
gpu-vulkan E 4K    baseline into     median 61.66 ms  p95 67.42 ms  peak RSS 342 MiB
gpu-vulkan E 4K    4A.3 render()     median 76.42 ms  p95 80.43 ms  peak RSS 722 MiB
gpu-vulkan E 4K    4A.3 renderInto   median 61.43 ms  p95 61.63 ms  peak RSS 342 MiB
TIMING_EXIT=0
-rw-r--r-- 1 root root 6650 Oct  6 22:14 /content/results-4a3-l4.tgz
ALL_DONE
