warning: patch `blitz-vibey-script v0.3.0-beta.2 (/workspace/scratch/c8e044c78604/blitz/packages/blitz-vibey-script)` was not used in the crate graph
help: Check that the patched package version and available features are compatible
      with the dependency requirements. If the patch has a different version from
      what is locked in the Cargo.lock file, run `cargo update` to use the new
      version. This may also occur with an optional dependency that is not enabled.
   Compiling phase2-engine v0.1.0 (/workspace/scratch/c8e044c78604/canvas-html/experiments/phase2/engine)
   Compiling phase2-addon v0.1.0 (/workspace/scratch/c8e044c78604/canvas-html/experiments/phase2/addon)
error: linking with `cc` failed: exit status: 1
  |
  = note:  "cc" "-Wl,--version-script=/workspace/scratch/c8e044c78604/canvas-html/experiments/target/release/deps/rustc9Gd48z/list" "-Wl,--no-undefined-version" "-m64" "<759 object files omitted>" "-Wl,--as-needed" "-Wl,-Bstatic" "/workspace/scratch/c8e044c78604/canvas-html/experiments/target/release/deps/rustc9Gd48z/{libv8-14d0cf453d0fc939,libskia_bindings-d3016821f990e82c}.rlib" "<sysroot>/lib/rustlib/x86_64-unknown-linux-gnu/lib/libcompiler_builtins-*.rlib" "-Wl,-Bdynamic" "-ldl" "-lfontconfig" "-lfreetype" "-ldl" "-ldl" "-lstdc++" "-lfontconfig" "-lfreetype" "-lgcc_s" "-lutil" "-lrt" "-lpthread" "-lm" "-ldl" "-lc" "-L" "/workspace/scratch/c8e044c78604/canvas-html/experiments/target/release/deps/rustc9Gd48z/raw-dylibs" "-Wl,--eh-frame-hdr" "-Wl,-z,noexecstack" "-L" "/workspace/scratch/c8e044c78604/canvas-html/experiments/target/release/build/skia-bindings-4c2cb548abe1d0bc/out/skia" "-L" "/workspace/scratch/c8e044c78604/tools/system-deps/usr/lib/x86_64-linux-gnu" "-L" "/workspace/scratch/c8e044c78604/canvas-html/experiments/target/release/gn_out/obj" "-L" "<sysroot>/lib/rustlib/x86_64-unknown-linux-gnu/lib" "-o" "/workspace/scratch/c8e044c78604/canvas-html/experiments/target/release/deps/libphase2_addon.so" "-Wl,--gc-sections" "-shared" "-Wl,-z,relro,-z,now" "-Wl,-O1" "-Wl,--strip-debug" "-nodefaultlibs" "-Wl,-z,nodelete"
  = note: some arguments are omitted. use `--verbose` to show all linker arguments
  = note: /usr/bin/ld: /workspace/scratch/c8e044c78604/canvas-html/experiments/target/release/deps/phase2_addon.anyrender_skia-4bb756460c14823a.anyrender_skia.1413b6c0d3500904-cgu.0.rcgu.o.rcgu.o: in function `<anyrender_skia::scene::SkiaScenePainter>::get_or_cache_font':
          anyrender_skia.1413b6c0d3500904-cgu.0:(.text._RNvMs0_NtCs1IRU7EudazE_14anyrender_skia5sceneNtB5_16SkiaScenePainter17get_or_cache_font+0x4b5): undefined reference to `<alloc::vec::Vec<skia_safe::core::font_arguments::variation_position::Coordinate> as alloc::vec::spec_from_iter_nested::SpecFromIterNested<skia_safe::core::font_arguments::variation_position::Coordinate, core::iter::adapters::map::Map<core::iter::adapters::filter::Filter<core::iter::adapters::zip::Zip<core::slice::iter::Iter<skia_safe::core::font_parameters::variation::Axis>, core::iter::adapters::map::Map<core::slice::iter::Iter<i16>, <anyrender_skia::scene::SkiaScenePainter>::get_or_cache_normalized_typeface::{closure#0}>>, <anyrender_skia::scene::SkiaScenePainter>::get_or_cache_normalized_typeface::{closure#1}>, <anyrender_skia::scene::SkiaScenePainter>::get_or_cache_normalized_typeface::{closure#2}>>>::from_iter'
          /usr/bin/ld: /workspace/scratch/c8e044c78604/canvas-html/experiments/target/release/deps/phase2_addon.anyrender_skia-4bb756460c14823a.anyrender_skia.1413b6c0d3500904-cgu.0.rcgu.o.rcgu.o: in function `<anyrender_skia::scene::SkiaSceneCache as core::default::Default>::default':
          anyrender_skia.1413b6c0d3500904-cgu.0:(.text._RNvXs_NtCs1IRU7EudazE_14anyrender_skia5sceneNtB4_14SkiaSceneCacheNtNtCsevLNFiNqfJP_4core7default7Default7default+0x3f6): undefined reference to `<hashbrown::raw::RawTableInner>::drop_inner_table::<(anyrender_skia::cache::FontCacheKey, anyrender_skia::cache::CacheEntry<skia_safe::prelude::Handle<skia_bindings::SkFont>>), allocator_api2::stable::alloc::global::Global>'
          /usr/bin/ld: anyrender_skia.1413b6c0d3500904-cgu.0:(.text._RNvXs_NtCs1IRU7EudazE_14anyrender_skia5sceneNtB4_14SkiaSceneCacheNtNtCsevLNFiNqfJP_4core7default7Default7default+0x415): undefined reference to `<hashbrown::raw::RawTableInner>::drop_inner_table::<(u64, anyrender_skia::cache::CacheEntry<(skia_safe::prelude::RCHandle<skia_bindings::SkShader>, linebender_resource_handle::blob::Blob<u8>)>), allocator_api2::stable::alloc::global::Global>'
          /usr/bin/ld: anyrender_skia.1413b6c0d3500904-cgu.0:(.text._RNvXs_NtCs1IRU7EudazE_14anyrender_skia5sceneNtB4_14SkiaSceneCacheNtNtCsevLNFiNqfJP_4core7default7Default7default+0x434): undefined reference to `<hashbrown::raw::RawTableInner>::drop_inner_table::<(anyrender_skia::cache::NormalizedTypefaceCacheKey, anyrender_skia::cache::CacheEntry<skia_safe::prelude::RCHandle<skia_bindings::SkTypeface>>), allocator_api2::stable::alloc::global::Global>'
          /usr/bin/ld: anyrender_skia.1413b6c0d3500904-cgu.0:(.text._RNvXs_NtCs1IRU7EudazE_14anyrender_skia5sceneNtB4_14SkiaSceneCacheNtNtCsevLNFiNqfJP_4core7default7Default7default+0x44d): undefined reference to `<hashbrown::raw::RawTableInner>::drop_inner_table::<((u64, u32), anyrender_skia::cache::CacheEntry<skia_safe::prelude::RCHandle<skia_bindings::SkTypeface>>), allocator_api2::stable::alloc::global::Global>'
          /usr/bin/ld: /workspace/scratch/c8e044c78604/canvas-html/experiments/target/release/deps/phase2_addon.anyrender_skia-4bb756460c14823a.anyrender_skia.1413b6c0d3500904-cgu.2.rcgu.o.rcgu.o: in function `<core::num::error::TryFromIntError as core::fmt::Debug>::fmt':
          anyrender_skia.1413b6c0d3500904-cgu.2:(.text._RNvXs6_NtNtCsevLNFiNqfJP_4core3num5errorNtB5_15TryFromIntErrorNtNtB9_3fmt5Debug3fmt.llvm.3505760916369020307+0x6e): undefined reference to `<&core::num::error::IntErrorKind as core::fmt::Debug>::fmt'
          /usr/bin/ld: anyrender_skia.1413b6c0d3500904-cgu.2:(.text._RNvXs6_NtNtCsevLNFiNqfJP_4core3num5errorNtB5_15TryFromIntErrorNtNtB9_3fmt5Debug3fmt.llvm.3505760916369020307+0xdf): undefined reference to `<&core::num::error::IntErrorKind as core::fmt::Debug>::fmt'
          /usr/bin/ld: /workspace/scratch/c8e044c78604/canvas-html/experiments/target/release/deps/libphase2_addon.so: hidden symbol `_RNvXNtNtCs1C1lLj4PWSY_5alloc3vec21spec_from_iter_nestedINtB4_3VecNtNtNtNtCs7PJ2Wd1DGtI_9skia_safe4core14font_arguments18variation_position10CoordinateEINtB2_18SpecFromIterNestedB11_INtNtNtNtCsevLNFiNqfJP_4core4iter8adapters3map3MapINtNtB2Y_6filter6FilterINtNtB2Y_3zip3ZipINtNtNtB32_5slice4iter4IterNtNtNtB17_15font_parameters9variation4AxisEIB2U_IB4m_sENCNvMs0_NtCs1IRU7EudazE_14anyrender_skia5sceneNtB5N_16SkiaScenePainter32get_or_cache_normalized_typeface0EENCB5H_s_0ENCB5H_s0_0EE9from_iterB5P_' isn't defined
          /usr/bin/ld: final link failed: bad value
          collect2: error: ld returned 1 exit status
          
  = note: some `extern` functions couldn't be found; some native libraries may need to be installed or have their path specified
  = note: use the `-l` flag to specify native libraries to link
  = note: use the `cargo:rustc-link-lib` directive to specify the native libraries to link with Cargo (see https://doc.rust-lang.org/cargo/reference/build-scripts.html#rustc-link-lib)

error: could not compile `phase2-addon` (lib) due to 1 previous error

real	2m24.432s
user	8m2.858s
sys	0m55.944s
