    Updating crates.io index
    Updating git repository `https://github.com/DioxusLabs/blitz`
warning: patch `blitz-vibey-script v0.3.0-beta.2 (/workspace/scratch/c8e044c78604/blitz/packages/blitz-vibey-script)` was not used in the crate graph
help: Check that the patched package version and available features are compatible
      with the dependency requirements. If the patch has a different version from
      what is locked in the Cargo.lock file, run `cargo update` to use the new
      version. This may also occur with an optional dependency that is not enabled.
   Compiling napi v3.14.1
   Compiling phase2-host v0.1.0 (/workspace/scratch/c8e044c78604/canvas-html/experiments/phase2/host)
   Compiling phase2-addon v0.1.0 (/workspace/scratch/c8e044c78604/canvas-html/experiments/phase2/addon)
   Compiling phase2-engine v0.1.0 (/workspace/scratch/c8e044c78604/canvas-html/experiments/phase2/engine)
error[E0308]: mismatched types
   --> phase2/addon/src/document.rs:45:35
    |
 45 |         let css=self.doc.get_node(id).and_then(|n|n.attr(LocalName::from("style"))).unwrap_or("");
    |                          -------- ^^ expected `NodeId`, found `usize`
    |                          |
    |                          arguments to this method are incorrect
    |
note: method defined here
   --> /workspace/scratch/c8e044c78604/blitz/packages/blitz-dom/src/document.rs:606:12
    |
606 |     pub fn get_node(&self, node_id: NodeId) -> Option<&Node> {
    |            ^^^^^^^^

error[E0277]: the trait bound `NodeId: serde::Serialize` is not satisfied
   --> phase2/addon/src/document.rs:55:36
    |
 55 |         if method=="id" {return Ok(json!(self.doc.get_element_by_id(string(0)?)));}
    |                                    ^^^^^^^^^^^^^^^^^^^^^^^^^^^^^^^^^^^^^^^^^^^^^
    |                                    |
    |                                    the trait `serde_core::ser::Serialize` is not implemented for `NodeId`
    |                                    required by a bound introduced by this call
    |
    = note: for local types consider adding `#[derive(serde::Serialize)]` to your `NodeId` type
    = note: for types from other crates check whether the crate offers a `serde` feature flag
    = help: the following other types implement trait `serde_core::ser::Serialize`:
              &'a T
              &'a mut T
              ()
              (T,)
              (T0, T1)
              (T0, T1, T2)
              (T0, T1, T2, T3)
              (T0, T1, T2, T3, T4)
            and 491 others
    = note: required for `Option<NodeId>` to implement `serde_core::ser::Serialize`
    = note: 1 redundant requirement hidden
    = note: required for `&Option<NodeId>` to implement `serde_core::ser::Serialize`
note: required by a bound in `to_value`
   --> /workspace/scratch/c8e044c78604/tools/cargo-deno/registry/src/index.crates.io-1949cf8c6b5b557f/serde_json-1.0.151/src/value/mod.rs:997:8
    |
995 | pub fn to_value<T>(value: T) -> Result<Value, Error>
    |        -------- required by a bound in this function
996 | where
997 |     T: Serialize,
    |        ^^^^^^^^^ required by this bound in `to_value`
    = note: the full name for the type has been written to '/workspace/scratch/c8e044c78604/canvas-html/experiments/target/release/deps/phase2_addon.long-type-3992049704291190248.txt'
    = note: consider using `--verbose` to print the full type name to the console
    = note: this error originates in the macro `$crate::json_internal` which comes from the expansion of the macro `json` (in Nightly builds, run with -Z macro-backtrace for more info)

error[E0277]: the trait bound `NodeId: serde::Serialize` is not satisfied
   --> phase2/addon/src/document.rs:56:39
    |
 56 | ...n Ok(json!(self.doc.query_selector_all(string(0)?).map_err(|e|anyhow::anyhow!("invalid selector: {e:?}"))?.as_slice()));}
    |         ^^^^^^^^^^^^^^^^^^^^^^^^^^^^^^^^^^^^^^^^^^^^^^^^^^^^^^^^^^^^^^^^^^^^^^^^^^^^^^^^^^^^^^^^^^^^^^^^^^^^^^^^^^^^^^^^^
    |         |
    |         the trait `serde_core::ser::Serialize` is not implemented for `NodeId`
    |         required by a bound introduced by this call
    |
    = note: for local types consider adding `#[derive(serde::Serialize)]` to your `NodeId` type
    = note: for types from other crates check whether the crate offers a `serde` feature flag
    = help: the following other types implement trait `serde_core::ser::Serialize`:
              &'a T
              &'a mut T
              ()
              (T,)
              (T0, T1)
              (T0, T1, T2)
              (T0, T1, T2, T3)
              (T0, T1, T2, T3, T4)
            and 491 others
    = note: required for `[NodeId]` to implement `serde_core::ser::Serialize`
    = note: 2 redundant requirements hidden
    = note: required for `&&[NodeId]` to implement `serde_core::ser::Serialize`
note: required by a bound in `to_value`
   --> /workspace/scratch/c8e044c78604/tools/cargo-deno/registry/src/index.crates.io-1949cf8c6b5b557f/serde_json-1.0.151/src/value/mod.rs:997:8
    |
995 | pub fn to_value<T>(value: T) -> Result<Value, Error>
    |        -------- required by a bound in this function
996 | where
997 |     T: Serialize,
    |        ^^^^^^^^^ required by this bound in `to_value`
    = note: the full name for the type has been written to '/workspace/scratch/c8e044c78604/canvas-html/experiments/target/release/deps/phase2_addon.long-type-3992049704291190248.txt'
    = note: consider using `--verbose` to print the full type name to the console
    = note: this error originates in the macro `$crate::json_internal` which comes from the expansion of the macro `json` (in Nightly builds, run with -Z macro-backtrace for more info)

error[E0277]: the trait bound `NodeId: serde::Serialize` is not satisfied
   --> phase2/addon/src/document.rs:59:23
    |
 59 |             return Ok(json!(self.doc.mutate().create_element(name,vec![])));
    |                       ^^^^^^^^^^^^^^^^^^^^^^^^^^^^^^^^^^^^^^^^^^^^^^^^^^^^
    |                       |
    |                       the trait `serde_core::ser::Serialize` is not implemented for `NodeId`
    |                       required by a bound introduced by this call
    |
    = note: for local types consider adding `#[derive(serde::Serialize)]` to your `NodeId` type
    = note: for types from other crates check whether the crate offers a `serde` feature flag
    = help: the following other types implement trait `serde_core::ser::Serialize`:
              &'a T
              &'a mut T
              ()
              (T,)
              (T0, T1)
              (T0, T1, T2)
              (T0, T1, T2, T3)
              (T0, T1, T2, T3, T4)
            and 491 others
    = note: required for `&NodeId` to implement `serde_core::ser::Serialize`
note: required by a bound in `to_value`
   --> /workspace/scratch/c8e044c78604/tools/cargo-deno/registry/src/index.crates.io-1949cf8c6b5b557f/serde_json-1.0.151/src/value/mod.rs:997:8
    |
995 | pub fn to_value<T>(value: T) -> Result<Value, Error>
    |        -------- required by a bound in this function
996 | where
997 |     T: Serialize,
    |        ^^^^^^^^^ required by this bound in `to_value`
    = note: the full name for the type has been written to '/workspace/scratch/c8e044c78604/canvas-html/experiments/target/release/deps/phase2_addon.long-type-3992049704291190248.txt'
    = note: consider using `--verbose` to print the full type name to the console
    = note: this error originates in the macro `$crate::json_internal` which comes from the expansion of the macro `json` (in Nightly builds, run with -Z macro-backtrace for more info)

error[E0308]: mismatched types
   --> phase2/addon/src/document.rs:62:27
    |
 62 |         self.doc.get_node(id).context("invalid node handle")?;
    |                  -------- ^^ expected `NodeId`, found `usize`
    |                  |
    |                  arguments to this method are incorrect
    |
note: method defined here
   --> /workspace/scratch/c8e044c78604/blitz/packages/blitz-dom/src/document.rs:606:12
    |
606 |     pub fn get_node(&self, node_id: NodeId) -> Option<&Node> {
    |            ^^^^^^^^

error[E0308]: mismatched types
   --> phase2/addon/src/document.rs:64:51
    |
 64 |             "textGet"=>Ok(json!(self.doc.get_node(id).unwrap().text_content())),
    |                                          -------- ^^ expected `NodeId`, found `usize`
    |                                          |
    |                                          arguments to this method are incorrect
    |
note: method defined here
   --> /workspace/scratch/c8e044c78604/blitz/packages/blitz-dom/src/document.rs:606:12
    |
606 |     pub fn get_node(&self, node_id: NodeId) -> Option<&Node> {
    |            ^^^^^^^^

error[E0308]: mismatched types
   --> phase2/addon/src/document.rs:66:70
    |
 66 |                 let mut m=self.doc.mutate();for child in m.child_ids(id){m.remove_node(child);}
    |                                                            --------- ^^ expected `NodeId`, found `usize`
    |                                                            |
    |                                                            arguments to this method are incorrect
    |
note: method defined here
   --> /workspace/scratch/c8e044c78604/blitz/packages/blitz-dom/src/mutator.rs:115:12
    |
115 |     pub fn child_ids(&self, node_id: NodeId) -> ThinVec<NodeId> {
    |            ^^^^^^^^^

error[E0308]: mismatched types
   --> phase2/addon/src/document.rs:67:75
    |
 67 |                 let text=m.create_text_node(string(1)?);m.append_children(id,&[text]);Ok(Value::Null)
    |                                                           --------------- ^^ expected `NodeId`, found `usize`
    |                                                           |
    |                                                           arguments to this method are incorrect
    |
note: method defined here
   --> /workspace/scratch/c8e044c78604/blitz/packages/blitz-dom/src/mutator.rs:641:12
    |
641 |     pub fn append_children(&mut self, parent_id: NodeId, child_ids: &[NodeId]) {
    |            ^^^^^^^^^^^^^^^

error[E0308]: mismatched types
   --> phase2/addon/src/document.rs:69:47
    |
 69 |             "tag"=>Ok(json!(self.doc.get_node(id).unwrap().element_data().map(|e|e.name.local.to_string()).unwrap_or_default())),
    |                                      -------- ^^ expected `NodeId`, found `usize`
    |                                      |
    |                                      arguments to this method are incorrect
    |
note: method defined here
   --> /workspace/scratch/c8e044c78604/blitz/packages/blitz-dom/src/document.rs:606:12
    |
606 |     pub fn get_node(&self, node_id: NodeId) -> Option<&Node> {
    |            ^^^^^^^^

error[E0308]: mismatched types
   --> phase2/addon/src/document.rs:70:50
    |
 70 |             "parent"=>Ok(json!(self.doc.get_node(id).unwrap().parent)),
    |                                         -------- ^^ expected `NodeId`, found `usize`
    |                                         |
    |                                         arguments to this method are incorrect
    |
note: method defined here
   --> /workspace/scratch/c8e044c78604/blitz/packages/blitz-dom/src/document.rs:606:12
    |
606 |     pub fn get_node(&self, node_id: NodeId) -> Option<&Node> {
    |            ^^^^^^^^

error[E0277]: the trait bound `NodeId: serde::Serialize` is not satisfied
   --> phase2/addon/src/document.rs:70:26
    |
 70 |             "parent"=>Ok(json!(self.doc.get_node(id).unwrap().parent)),
    |                          ^^^^^^^^^^^^^^^^^^^^^^^^^^^^^^^^^^^^^^^^^^^^
    |                          |
    |                          the trait `serde_core::ser::Serialize` is not implemented for `NodeId`
    |                          required by a bound introduced by this call
    |
    = note: for local types consider adding `#[derive(serde::Serialize)]` to your `NodeId` type
    = note: for types from other crates check whether the crate offers a `serde` feature flag
    = help: the following other types implement trait `serde_core::ser::Serialize`:
              &'a T
              &'a mut T
              ()
              (T,)
              (T0, T1)
              (T0, T1, T2)
              (T0, T1, T2, T3)
              (T0, T1, T2, T3, T4)
            and 491 others
    = note: required for `Option<NodeId>` to implement `serde_core::ser::Serialize`
    = note: 1 redundant requirement hidden
    = note: required for `&Option<NodeId>` to implement `serde_core::ser::Serialize`
note: required by a bound in `to_value`
   --> /workspace/scratch/c8e044c78604/tools/cargo-deno/registry/src/index.crates.io-1949cf8c6b5b557f/serde_json-1.0.151/src/value/mod.rs:997:8
    |
995 | pub fn to_value<T>(value: T) -> Result<Value, Error>
    |        -------- required by a bound in this function
996 | where
997 |     T: Serialize,
    |        ^^^^^^^^^ required by this bound in `to_value`
    = note: the full name for the type has been written to '/workspace/scratch/c8e044c78604/canvas-html/experiments/target/release/deps/phase2_addon.long-type-3992049704291190248.txt'
    = note: consider using `--verbose` to print the full type name to the console
    = note: this error originates in the macro `$crate::json_internal` which comes from the expansion of the macro `json` (in Nightly builds, run with -Z macro-backtrace for more info)

error[E0308]: mismatched types
   --> phase2/addon/src/document.rs:71:56
    |
 71 |             "attributeGet"=>Ok(json!(self.doc.get_node(id).unwrap().attr(LocalName::from(string(1)?)))),
    |                                               -------- ^^ expected `NodeId`, found `usize`
    |                                               |
    |                                               arguments to this method are incorrect
    |
note: method defined here
   --> /workspace/scratch/c8e044c78604/blitz/packages/blitz-dom/src/document.rs:606:12
    |
606 |     pub fn get_node(&self, node_id: NodeId) -> Option<&Node> {
    |            ^^^^^^^^

error[E0308]: mismatched types
   --> phase2/addon/src/document.rs:74:49
    |
 74 |                 self.doc.mutate().set_attribute(id,name,string(2)?);Ok(Value::Null)
    |                                   ------------- ^^ expected `NodeId`, found `usize`
    |                                   |
    |                                   arguments to this method are incorrect
    |
note: method defined here
   --> /workspace/scratch/c8e044c78604/blitz/packages/blitz-dom/src/mutator.rs:268:12
    |
268 |     pub fn set_attribute(&mut self, node_id: NodeId, name: QualName, value: &str) {
    |            ^^^^^^^^^^^^^

error[E0308]: mismatched types
   --> phase2/addon/src/document.rs:84:49
    |
 84 |                 self.doc.mutate().set_attribute(id,blitz_dom::qual_name!("style"),&css);Ok(Value::Null)
    |                                   ------------- ^^ expected `NodeId`, found `usize`
    |                                   |
    |                                   arguments to this method are incorrect
    |
note: method defined here
   --> /workspace/scratch/c8e044c78604/blitz/packages/blitz-dom/src/mutator.rs:268:12
    |
268 |     pub fn set_attribute(&mut self, node_id: NodeId, name: QualName, value: &str) {
    |            ^^^^^^^^^^^^^

error[E0308]: mismatched types
   --> phase2/addon/src/document.rs:86:100
    |
 86 |             "computed"=>{self.doc.resolve(self.time/1000.0);Ok(json!(self.doc.resolved_style_value(id,string(1)?)))},
    |                                                                               -------------------- ^^ expected `NodeId`, found `usize`
    |                                                                               |
    |                                                                               arguments to this method are incorrect
    |
note: method defined here
   --> /workspace/scratch/c8e044c78604/blitz/packages/blitz-dom/src/resolved_style.rs:341:12
    |
341 |     pub fn resolved_style_value(&self, node_id: NodeId, property_name: &str) -> String {
    |            ^^^^^^^^^^^^^^^^^^^^

error[E0308]: mismatched types
   --> phase2/addon/src/document.rs:88:76
    |
 88 |                 self.doc.resolve(self.time/1000.0);let n=self.doc.get_node(id).unwrap();let l=n.final_layout();
    |                                                                   -------- ^^ expected `NodeId`, found `usize`
    |                                                                   |
    |                                                                   arguments to this method are incorrect
    |
note: method defined here
   --> /workspace/scratch/c8e044c78604/blitz/packages/blitz-dom/src/document.rs:606:12
    |
606 |     pub fn get_node(&self, node_id: NodeId) -> Option<&Node> {
    |            ^^^^^^^^

Some errors have detailed explanations: E0277, E0308.
For more information about an error, try `rustc --explain E0277`.
error: could not compile `phase2-addon` (lib) due to 16 previous errors

real	0m33.060s
user	0m13.665s
sys	0m2.034s
