Collecting graphifyy
  Downloading graphifyy-0.9.77-py3-none-any.whl.metadata (72 kB)
Collecting networkx>=3.4 (from graphifyy)
  Downloading networkx-3.7-py3-none-any.whl.metadata (6.7 kB)
Collecting numpy>=1.21 (from graphifyy)
  Downloading numpy-2.5.3-cp312-cp312-manylinux_2_27_x86_64.manylinux_2_28_x86_64.whl.metadata (6.6 kB)
Collecting rapidfuzz>=3.0 (from graphifyy)
  Downloading rapidfuzz-3.14.6-cp312-cp312-manylinux_2_27_x86_64.manylinux_2_28_x86_64.whl.metadata (12 kB)
Collecting tree-sitter<0.26,>=0.23.0 (from graphifyy)
  Downloading tree_sitter-0.25.2-cp312-cp312-manylinux2014_x86_64.manylinux_2_17_x86_64.manylinux_2_28_x86_64.whl.metadata (10.0 kB)
Collecting tree-sitter-python<0.26,>=0.23 (from graphifyy)
  Downloading tree_sitter_python-0.25.0-cp310-abi3-manylinux1_x86_64.manylinux_2_28_x86_64.manylinux_2_5_x86_64.whl.metadata (1.9 kB)
Collecting tree-sitter-javascript<0.26,>=0.23 (from graphifyy)
  Downloading tree_sitter_javascript-0.25.0-cp310-abi3-manylinux1_x86_64.manylinux_2_28_x86_64.manylinux_2_5_x86_64.whl.metadata (2.2 kB)
Collecting tree-sitter-typescript<0.25,>=0.23 (from graphifyy)
  Downloading tree_sitter_typescript-0.23.2-cp39-abi3-manylinux_2_5_x86_64.manylinux1_x86_64.manylinux_2_17_x86_64.manylinux2014_x86_64.whl.metadata (2.3 kB)
Collecting tree-sitter-go<0.26,>=0.23 (from graphifyy)
  Downloading tree_sitter_go-0.25.0-cp310-abi3-manylinux1_x86_64.manylinux_2_28_x86_64.manylinux_2_5_x86_64.whl.metadata (1.7 kB)
Collecting tree-sitter-rust<0.25,>=0.23 (from graphifyy)
  Downloading tree_sitter_rust-0.24.2-cp39-abi3-manylinux1_x86_64.manylinux_2_28_x86_64.manylinux_2_5_x86_64.whl.metadata (2.8 kB)
Collecting tree-sitter-java<0.25,>=0.23 (from graphifyy)
  Downloading tree_sitter_java-0.23.5-cp39-abi3-manylinux_2_5_x86_64.manylinux1_x86_64.manylinux_2_17_x86_64.manylinux2014_x86_64.whl.metadata (1.7 kB)
Collecting tree-sitter-groovy<0.3,>=0.1 (from graphifyy)
  Downloading tree_sitter_groovy-0.1.2-cp39-abi3-manylinux_2_5_x86_64.manylinux1_x86_64.manylinux_2_17_x86_64.manylinux2014_x86_64.whl.metadata (788 bytes)
Collecting tree-sitter-c<0.25,>=0.23 (from graphifyy)
  Downloading tree_sitter_c-0.24.2-cp310-abi3-manylinux1_x86_64.manylinux_2_28_x86_64.manylinux_2_5_x86_64.whl.metadata (1.8 kB)
Collecting tree-sitter-cpp<0.25,>=0.23 (from graphifyy)
  Downloading tree_sitter_cpp-0.23.4-cp39-abi3-manylinux_2_17_x86_64.manylinux2014_x86_64.whl.metadata (1.8 kB)
Collecting tree-sitter-ruby<0.25,>=0.23 (from graphifyy)
  Downloading tree_sitter_ruby-0.23.1-cp39-abi3-manylinux_2_17_x86_64.manylinux2014_x86_64.whl.metadata (1.8 kB)
Collecting tree-sitter-c-sharp<0.25,>=0.23 (from graphifyy)
  Downloading tree_sitter_c_sharp-0.23.5-cp310-abi3-manylinux1_x86_64.manylinux_2_28_x86_64.manylinux_2_5_x86_64.whl.metadata (2.7 kB)
Collecting tree-sitter-kotlin<2.0,>=1.0 (from graphifyy)
  Downloading tree_sitter_kotlin-1.1.0-cp39-abi3-manylinux_2_5_x86_64.manylinux1_x86_64.manylinux_2_17_x86_64.manylinux2014_x86_64.whl.metadata (1.9 kB)
Collecting tree-sitter-scala<0.27,>=0.23 (from graphifyy)
  Downloading tree_sitter_scala-0.26.2-cp39-abi3-manylinux_2_17_x86_64.manylinux2014_x86_64.whl.metadata (2.0 kB)
Collecting tree-sitter-php<0.25,>=0.23 (from graphifyy)
  Downloading tree_sitter_php-0.24.1-cp310-abi3-manylinux2014_x86_64.manylinux_2_17_x86_64.manylinux_2_28_x86_64.whl.metadata (1.7 kB)
Collecting tree-sitter-swift<0.9,>=0.7 (from graphifyy)
  Downloading tree_sitter_swift-0.7.4-cp38-abi3-manylinux1_x86_64.manylinux_2_28_x86_64.manylinux_2_5_x86_64.whl.metadata (5.8 kB)
Collecting tree-sitter-lua<0.6,>=0.2 (from graphifyy)
  Downloading tree_sitter_lua-0.5.0-cp310-abi3-manylinux1_x86_64.manylinux_2_28_x86_64.manylinux_2_5_x86_64.whl.metadata (1.9 kB)
Collecting tree-sitter-zig<2.0,>=1.0 (from graphifyy)
  Downloading tree_sitter_zig-1.1.2-cp39-abi3-manylinux_2_5_x86_64.manylinux1_x86_64.manylinux_2_17_x86_64.manylinux2014_x86_64.whl.metadata (1.8 kB)
Collecting tree-sitter-powershell<0.28,>=0.26 (from graphifyy)
  Downloading tree_sitter_powershell-0.26.4-cp310-abi3-manylinux1_x86_64.manylinux_2_28_x86_64.manylinux_2_5_x86_64.whl.metadata (897 bytes)
Collecting tree-sitter-elixir<0.5,>=0.3 (from graphifyy)
  Downloading tree_sitter_elixir-0.3.5-cp39-abi3-manylinux1_x86_64.manylinux_2_28_x86_64.manylinux_2_5_x86_64.whl.metadata (1.1 kB)
Collecting tree-sitter-objc<4.0,>=3.0 (from graphifyy)
  Downloading tree_sitter_objc-3.0.2-cp39-abi3-manylinux_2_5_x86_64.manylinux1_x86_64.manylinux_2_17_x86_64.manylinux2014_x86_64.whl.metadata (1.8 kB)
Collecting tree-sitter-julia<0.25,>=0.23 (from graphifyy)
  Downloading tree_sitter_julia-0.23.1-cp39-abi3-manylinux_2_5_x86_64.manylinux1_x86_64.manylinux_2_17_x86_64.manylinux2014_x86_64.whl.metadata (2.0 kB)
Collecting tree-sitter-verilog<2.0,>=1.0 (from graphifyy)
  Downloading tree_sitter_verilog-1.0.3-cp39-abi3-manylinux_2_5_x86_64.manylinux1_x86_64.manylinux_2_17_x86_64.manylinux2014_x86_64.whl.metadata (1.8 kB)
Collecting tree-sitter-fortran<0.8,>=0.6 (from graphifyy)
  Downloading tree_sitter_fortran-0.6.0-cp39-abi3-manylinux2014_x86_64.manylinux_2_17_x86_64.manylinux_2_28_x86_64.whl.metadata (1.8 kB)
Collecting tree-sitter-bash<0.27,>=0.23 (from graphifyy)
  Downloading tree_sitter_bash-0.25.1-cp310-abi3-manylinux2014_x86_64.manylinux_2_17_x86_64.manylinux_2_28_x86_64.whl.metadata (2.2 kB)
Collecting tree-sitter-json<0.26,>=0.23 (from graphifyy)
  Downloading tree_sitter_json-0.24.8-cp39-abi3-manylinux_2_5_x86_64.manylinux1_x86_64.manylinux_2_17_x86_64.manylinux2014_x86_64.whl.metadata (1.7 kB)
Downloading graphifyy-0.9.77-py3-none-any.whl (1.6 MB)
   ━━━━━━━━━━━━━━━━━━━━━━━━━━━━━━━━━━━━━━━━ 1.6/1.6 MB 16.4 MB/s eta 0:00:00
Downloading networkx-3.7-py3-none-any.whl (2.1 MB)
   ━━━━━━━━━━━━━━━━━━━━━━━━━━━━━━━━━━━━━━━━ 2.1/2.1 MB 19.4 MB/s eta 0:00:00
Downloading numpy-2.5.3-cp312-cp312-manylinux_2_27_x86_64.manylinux_2_28_x86_64.whl (16.7 MB)
   ━━━━━━━━━━━━━━━━━━━━━━━━━━━━━━━━━━━━━━━━ 16.7/16.7 MB 49.2 MB/s eta 0:00:00
Downloading rapidfuzz-3.14.6-cp312-cp312-manylinux_2_27_x86_64.manylinux_2_28_x86_64.whl (3.2 MB)
   ━━━━━━━━━━━━━━━━━━━━━━━━━━━━━━━━━━━━━━━━ 3.2/3.2 MB 40.0 MB/s eta 0:00:00
Downloading tree_sitter-0.25.2-cp312-cp312-manylinux2014_x86_64.manylinux_2_17_x86_64.manylinux_2_28_x86_64.whl (635 kB)
   ━━━━━━━━━━━━━━━━━━━━━━━━━━━━━━━━━━━━━━━━ 635.4/635.4 kB 5.9 MB/s eta 0:00:00
Downloading tree_sitter_bash-0.25.1-cp310-abi3-manylinux2014_x86_64.manylinux_2_17_x86_64.manylinux_2_28_x86_64.whl (231 kB)
Downloading tree_sitter_c-0.24.2-cp310-abi3-manylinux1_x86_64.manylinux_2_28_x86_64.manylinux_2_5_x86_64.whl (94 kB)
Downloading tree_sitter_c_sharp-0.23.5-cp310-abi3-manylinux1_x86_64.manylinux_2_28_x86_64.manylinux_2_5_x86_64.whl (358 kB)
Downloading tree_sitter_cpp-0.23.4-cp39-abi3-manylinux_2_17_x86_64.manylinux2014_x86_64.whl (316 kB)
Downloading tree_sitter_elixir-0.3.5-cp39-abi3-manylinux1_x86_64.manylinux_2_28_x86_64.manylinux_2_5_x86_64.whl (182 kB)
Downloading tree_sitter_fortran-0.6.0-cp39-abi3-manylinux2014_x86_64.manylinux_2_17_x86_64.manylinux_2_28_x86_64.whl (410 kB)
Downloading tree_sitter_go-0.25.0-cp310-abi3-manylinux1_x86_64.manylinux_2_28_x86_64.manylinux_2_5_x86_64.whl (66 kB)
Downloading tree_sitter_groovy-0.1.2-cp39-abi3-manylinux_2_5_x86_64.manylinux1_x86_64.manylinux_2_17_x86_64.manylinux2014_x86_64.whl (134 kB)
Downloading tree_sitter_java-0.23.5-cp39-abi3-manylinux_2_5_x86_64.manylinux1_x86_64.manylinux_2_17_x86_64.manylinux2014_x86_64.whl (84 kB)
Downloading tree_sitter_javascript-0.25.0-cp310-abi3-manylinux1_x86_64.manylinux_2_28_x86_64.manylinux_2_5_x86_64.whl (99 kB)
Downloading tree_sitter_json-0.24.8-cp39-abi3-manylinux_2_5_x86_64.manylinux1_x86_64.manylinux_2_17_x86_64.manylinux2014_x86_64.whl (17 kB)
Downloading tree_sitter_julia-0.23.1-cp39-abi3-manylinux_2_5_x86_64.manylinux1_x86_64.manylinux_2_17_x86_64.manylinux2014_x86_64.whl (682 kB)
   ━━━━━━━━━━━━━━━━━━━━━━━━━━━━━━━━━━━━━━━━ 682.1/682.1 kB 7.9 MB/s eta 0:00:00
Downloading tree_sitter_kotlin-1.1.0-cp39-abi3-manylinux_2_5_x86_64.manylinux1_x86_64.manylinux_2_17_x86_64.manylinux2014_x86_64.whl (339 kB)
Downloading tree_sitter_lua-0.5.0-cp310-abi3-manylinux1_x86_64.manylinux_2_28_x86_64.manylinux_2_5_x86_64.whl (41 kB)
Downloading tree_sitter_objc-3.0.2-cp39-abi3-manylinux_2_5_x86_64.manylinux1_x86_64.manylinux_2_17_x86_64.manylinux2014_x86_64.whl (328 kB)
Downloading tree_sitter_php-0.24.1-cp310-abi3-manylinux2014_x86_64.manylinux_2_17_x86_64.manylinux_2_28_x86_64.whl (313 kB)
Downloading tree_sitter_powershell-0.26.4-cp310-abi3-manylinux1_x86_64.manylinux_2_28_x86_64.manylinux_2_5_x86_64.whl (132 kB)
Downloading tree_sitter_python-0.25.0-cp310-abi3-manylinux1_x86_64.manylinux_2_28_x86_64.manylinux_2_5_x86_64.whl (108 kB)
Downloading tree_sitter_ruby-0.23.1-cp39-abi3-manylinux_2_17_x86_64.manylinux2014_x86_64.whl (214 kB)
Downloading tree_sitter_rust-0.24.2-cp39-abi3-manylinux1_x86_64.manylinux_2_28_x86_64.manylinux_2_5_x86_64.whl (164 kB)
Downloading tree_sitter_scala-0.26.2-cp39-abi3-manylinux_2_17_x86_64.manylinux2014_x86_64.whl (508 kB)
Downloading tree_sitter_swift-0.7.4-cp38-abi3-manylinux1_x86_64.manylinux_2_28_x86_64.manylinux_2_5_x86_64.whl (425 kB)
Downloading tree_sitter_typescript-0.23.2-cp39-abi3-manylinux_2_5_x86_64.manylinux1_x86_64.manylinux_2_17_x86_64.manylinux2014_x86_64.whl (344 kB)
Downloading tree_sitter_verilog-1.0.3-cp39-abi3-manylinux_2_5_x86_64.manylinux1_x86_64.manylinux_2_17_x86_64.manylinux2014_x86_64.whl (781 kB)
   ━━━━━━━━━━━━━━━━━━━━━━━━━━━━━━━━━━━━━━━━ 781.3/781.3 kB 54.8 MB/s eta 0:00:00
Downloading tree_sitter_zig-1.1.2-cp39-abi3-manylinux_2_5_x86_64.manylinux1_x86_64.manylinux_2_17_x86_64.manylinux2014_x86_64.whl (82 kB)
Installing collected packages: tree-sitter-zig, tree-sitter-verilog, tree-sitter-typescript, tree-sitter-swift, tree-sitter-scala, tree-sitter-rust, tree-sitter-ruby, tree-sitter-python, tree-sitter-powershell, tree-sitter-php, tree-sitter-objc, tree-sitter-lua, tree-sitter-kotlin, tree-sitter-julia, tree-sitter-json, tree-sitter-javascript, tree-sitter-java, tree-sitter-groovy, tree-sitter-go, tree-sitter-fortran, tree-sitter-elixir, tree-sitter-cpp, tree-sitter-c-sharp, tree-sitter-c, tree-sitter-bash, tree-sitter, rapidfuzz, numpy, networkx, graphifyy
Successfully installed graphifyy-0.9.77 networkx-3.7 numpy-2.5.3 rapidfuzz-3.14.6 tree-sitter-0.25.2 tree-sitter-bash-0.25.1 tree-sitter-c-0.24.2 tree-sitter-c-sharp-0.23.5 tree-sitter-cpp-0.23.4 tree-sitter-elixir-0.3.5 tree-sitter-fortran-0.6.0 tree-sitter-go-0.25.0 tree-sitter-groovy-0.1.2 tree-sitter-java-0.23.5 tree-sitter-javascript-0.25.0 tree-sitter-json-0.24.8 tree-sitter-julia-0.23.1 tree-sitter-kotlin-1.1.0 tree-sitter-lua-0.5.0 tree-sitter-objc-3.0.2 tree-sitter-php-0.24.1 tree-sitter-powershell-0.26.4 tree-sitter-python-0.25.0 tree-sitter-ruby-0.23.1 tree-sitter-rust-0.24.2 tree-sitter-scala-0.26.2 tree-sitter-swift-0.7.4 tree-sitter-typescript-0.23.2 tree-sitter-verilog-1.0.3 tree-sitter-zig-1.1.2

real	0m48.250s
user	0m10.577s
sys	0m1.324s
