[11:31:43] A 720p cpu        total 2.724 ms (paint 0.887, submit 0, wait 0, readback 0) | no-readback 0.95 | first 7.168
[11:31:44] A 720p gpu-graphite total 3.089 ms (paint 0.292, submit 0.083, wait 0.145, readback 0.833) | no-readback 0.312 | first 30.345
[11:31:44] A 1080p cpu        total 5.966 ms (paint 1.922, submit 0, wait 0, readback 0) | no-readback 2.143 | first 11.934
[11:31:45] A 1080p gpu-graphite total 6.283 ms (paint 0.175, submit 0.088, wait 0.225, readback 1.715) | no-readback 0.398 | first 26.365
[11:31:46] A 4K cpu        total 28.792 ms (paint 9.779, submit 0, wait 0, readback 0) | no-readback 8.705 | first 48.47
[11:31:47] A 4K gpu-graphite total 41.105 ms (paint 0.402, submit 2.207, wait 0.747, readback 18.452) | no-readback 0.888 | first 77.204
[11:31:56] B 720p cpu        total 124.899 ms (paint 123.017, submit 0, wait 0, readback 0) | no-readback 123.531 | first 127.311
[11:32:03] B 720p gpu-graphite total 79.704 ms (paint 64.632, submit 3.171, wait 7.754, readback 1.055) | no-readback 75.639 | first 139.507
[11:32:15] B 1080p cpu        total 213.318 ms (paint 208.077, submit 0, wait 0, readback 0) | no-readback 205.937 | first 214.746
[11:32:22] B 1080p gpu-graphite total 99.311 ms (paint 79.051, submit 3.391, wait 8.436, readback 2.454) | no-readback 92.183 | first 166.968
[11:32:42] B 4K cpu        total 568.099 ms (paint 547.615, submit 0, wait 0, readback 0) | no-readback 552.253 | first 576.159
[11:32:50] B 4K gpu-graphite total 164.731 ms (paint 83.662, submit 18.95, wait 21.419, readback 19.038) | no-readback 121.813 | first 207.98
[11:33:00] C 720p cpu        total 119.996 ms (paint 118.431, submit 0, wait 0, readback 0) | no-readback 121.585 | first 118.877
[11:33:02] C 720p gpu-graphite total 7.093 ms (paint 1.141, submit 0.7, wait 2.386, readback 0.852) | no-readback 4.325 | first 40.714
[11:33:17] C 1080p cpu        total 256.785 ms (paint 252.333, submit 0, wait 0, readback 0) | no-readback 251.812 | first 253.255
[11:33:21] C 1080p gpu-graphite total 12.356 ms (paint 1.355, submit 0.863, wait 3.367, readback 1.987) | no-readback 5.401 | first 50.815
[11:34:00] C 4K cpu        total 976.294 ms (paint 956.488, submit 0, wait 0, readback 0) | no-readback 948.385 | first 977.136
[11:34:10] C 4K gpu-graphite total 52.324 ms (paint 1.374, submit 2.954, wait 9.75, readback 18.473) | no-readback 11.772 | first 83.911
[11:34:17] D 720p cpu        total 81.975 ms (paint 80.798, submit 0, wait 0, readback 0) | no-readback 78.378 | first 83.631
[11:34:20] D 720p gpu-graphite total 9.6 ms (paint 2.417, submit 1.327, wait 3.015, readback 0.847) | no-readback 6.917 | first 51.037
[11:34:32] D 1080p cpu        total 204.894 ms (paint 200.685, submit 0, wait 0, readback 0) | no-readback 199.575 | first 218.116
[11:34:35] D 1080p gpu-graphite total 15.234 ms (paint 2.496, submit 1.42, wait 5.284, readback 1.715) | no-readback 9.288 | first 74.463
[11:35:00] D 4K cpu        total 660.293 ms (paint 640.419, submit 0, wait 0, readback 0) | no-readback 634.337 | first 679.304
[11:35:06] D 4K gpu-graphite total 69.789 ms (paint 5.053, submit 6.688, wait 18.973, readback 18.757) | no-readback 26.627 | first 106.838
[11:35:14] E 720p cpu        total 102.21 ms (paint 100.903, submit 0, wait 0, readback 0) | no-readback 101.12 | first 106.632
[11:35:18] E 720p gpu-graphite total 33.195 ms (paint 9.06, submit 5.869, wait 14.115, readback 0.927) | no-readback 28.467 | first 120.419
[11:35:29] E 1080p cpu        total 175.441 ms (paint 171.201, submit 0, wait 0, readback 0) | no-readback 164.742 | first 176.54
[11:35:33] E 1080p gpu-graphite total 35.538 ms (paint 9.14, submit 5.93, wait 13.34, readback 1.944) | no-readback 28.082 | first 135.847
[11:35:48] E 4K cpu        total 369.927 ms (paint 350.4, submit 0, wait 0, readback 0) | no-readback 350.279 | first 429.157
[11:35:53] E 4K gpu-graphite total 71.585 ms (paint 8.375, submit 7.1, wait 16.185, readback 18.599) | no-readback 27.917 | first 171.717
[11:36:04] F 720p cpu        total 172.545 ms (paint 170.65, submit 0, wait 0, readback 0) | no-readback 174.795 | first 176.545
[11:36:05] F 720p gpu-graphite total 14.087 ms (paint 3.207, submit 2.806, wait 5.129, readback 0.849) | no-readback 10.776 | first 40.771
[11:36:21] F 1080p cpu        total 326.109 ms (paint 321.9, submit 0, wait 0, readback 0) | no-readback 323.838 | first 321.492
[11:36:23] F 1080p gpu-graphite total 30.09 ms (paint 4.818, submit 4.667, wait 13.426, readback 2.129) | no-readback 21.398 | first 56.195
[11:36:59] F 4K cpu        total 1112.545 ms (paint 1093.103, submit 0, wait 0, readback 0) | no-readback 1075.103 | first 1142.447
[11:37:04] F 4K gpu-graphite total 109.797 ms (paint 7.664, submit 11.905, wait 50.498, readback 19.371) | no-readback 67.957 | first 125.218
[11:37:04] G100 720p cpu        total 13.326 ms (paint 11.54, submit 0, wait 0, readback 0) | no-readback 11.187 | first 13.035
[11:37:05] G100 720p gpu-graphite total 6.85 ms (paint 1.655, submit 1.126, wait 1.146, readback 0.835) | no-readback 4.073 | first 36.898
[11:37:06] G100 1080p cpu        total 20.614 ms (paint 16.582, submit 0, wait 0, readback 0) | no-readback 16.754 | first 22.232
[11:37:08] G100 1080p gpu-graphite total 10.877 ms (paint 1.781, submit 1.192, wait 1.95, readback 1.739) | no-readback 4.897 | first 41.874
[11:37:10] G100 4K cpu        total 60.435 ms (paint 40.554, submit 0, wait 0, readback 0) | no-readback 41.188 | first 75.805
[11:37:11] G100 4K gpu-graphite total 34.54 ms (paint 2.007, submit 1.344, wait 3.038, readback 8.2) | no-readback 6.1 | first 73.18
[11:37:15] G500 720p cpu        total 51.947 ms (paint 49.81, submit 0, wait 0, readback 0) | no-readback 52.467 | first 51.195
[11:37:18] G500 720p gpu-graphite total 27.478 ms (paint 8.074, submit 5.815, wait 10.02, readback 0.885) | no-readback 24.633 | first 86.764
[11:37:22] G500 1080p cpu        total 76.648 ms (paint 71.851, submit 0, wait 0, readback 0) | no-readback 71.864 | first 79.047
[11:37:25] G500 1080p gpu-graphite total 32.617 ms (paint 8.247, submit 6.23, wait 11.273, readback 1.866) | no-readback 26.091 | first 92.99
[11:37:32] G500 4K cpu        total 179.354 ms (paint 158.832, submit 0, wait 0, readback 0) | no-readback 157.655 | first 206.179
[11:37:35] G500 4K gpu-graphite total 67.419 ms (paint 8.862, submit 8.943, wait 9.707, readback 18.63) | no-readback 23.997 | first 127.612
[11:37:42] G1000 720p cpu        total 101.744 ms (paint 98.923, submit 0, wait 0, readback 0) | no-readback 98.078 | first 103.164
[11:37:47] G1000 720p gpu-graphite total 49.711 ms (paint 16.714, submit 13.943, wait 14.125, readback 1.08) | no-readback 46.904 | first 142.479
[11:37:55] G1000 1080p cpu        total 154.454 ms (paint 148.931, submit 0, wait 0, readback 0) | no-readback 145.405 | first 150.506
[11:38:00] G1000 1080p gpu-graphite total 58.383 ms (paint 16.728, submit 13.603, wait 19.978, readback 2.166) | no-readback 50.795 | first 164.774
[11:38:12] G1000 4K cpu        total 320.549 ms (paint 299.589, submit 0, wait 0, readback 0) | no-readback 298.345 | first 346.496
[11:38:17] G1000 4K gpu-graphite total 107.014 ms (paint 18.269, submit 17.562, wait 29.113, readback 19.069) | no-readback 59.099 | first 194.07
