[16:16:02] correctness 720p
[16:16:06]   A gpu-gl: minor (0.7418% px, max 53, >32: 0.0053%) | gpu-vulkan: minor (0.7418% px, max 53, >32: 0.0053%)
[16:16:06]   B gpu-gl: minor (73.3614% px, max 11, >32: 0%) | gpu-vulkan: minor (73.3319% px, max 11, >32: 0%)
[16:16:07]   C gpu-gl: minor (83.859% px, max 53, >32: 0.0093%) | gpu-vulkan: minor (83.0865% px, max 53, >32: 0.0093%)
[16:16:08]   D gpu-gl: minor (87.0817% px, max 53, >32: 0.0076%) | gpu-vulkan: minor (86.6232% px, max 53, >32: 0.0077%)
[16:16:09]   E gpu-gl: minor (89.8952% px, max 66, >32: 0.0099%) | gpu-vulkan: minor (88.5997% px, max 66, >32: 0.0098%)
[16:16:10]   F gpu-gl: edge-aa (52.0748% px, max 122, >32: 1.7118%) | gpu-vulkan: edge-aa (51.467% px, max 122, >32: 1.7138%)
[16:16:11]   G100 gpu-gl: minor (12.7287% px, max 63, >32: 0.0143%) | gpu-vulkan: minor (12.4566% px, max 63, >32: 0.0142%)
[16:16:11]   G500 gpu-gl: minor (45.5195% px, max 66, >32: 0.046%) | gpu-vulkan: minor (45.4493% px, max 66, >32: 0.0455%)
[16:16:12]   G1000 gpu-gl: minor (67.1828% px, max 71, >32: 0.0586%) | gpu-vulkan: minor (66.6599% px, max 71, >32: 0.0579%)
[16:16:12] correctness 1080p
[16:16:17]   A gpu-gl: minor (0.4687% px, max 64, >32: 0.0037%) | gpu-vulkan: minor (0.4687% px, max 64, >32: 0.0037%)
[16:16:18]   B gpu-gl: edge-aa (72.3224% px, max 169, >32: 0.7659%) | gpu-vulkan: edge-aa (72.3006% px, max 170, >32: 0.7658%)
[16:16:19]   C gpu-gl: minor (83.7104% px, max 54, >32: 0.0013%) | gpu-vulkan: minor (82.948% px, max 54, >32: 0.0013%)
[16:16:20]   D gpu-gl: minor (87.1676% px, max 68, >32: 0.0019%) | gpu-vulkan: minor (86.6525% px, max 68, >32: 0.0018%)
[16:16:21]   E gpu-gl: minor (84.6032% px, max 82, >32: 0.0068%) | gpu-vulkan: minor (83.1593% px, max 81, >32: 0.0066%)
[16:16:21]   F gpu-gl: edge-aa (49.0581% px, max 128, >32: 0.9591%) | gpu-vulkan: edge-aa (48.4203% px, max 127, >32: 0.9592%)
[16:16:22]   G100 gpu-gl: minor (12.4924% px, max 70, >32: 0.0137%) | gpu-vulkan: minor (12.2038% px, max 70, >32: 0.0134%)
[16:16:23]   G500 gpu-gl: minor (44.7856% px, max 90, >32: 0.0379%) | gpu-vulkan: minor (44.6857% px, max 90, >32: 0.0375%)
[16:16:24]   G1000 gpu-gl: minor (66.397% px, max 81, >32: 0.0504%) | gpu-vulkan: minor (65.833% px, max 81, >32: 0.0497%)
[16:16:24]   attribution A text rasterization difference
[16:16:26]   attribution B text rasterization difference
[16:16:27]   attribution C image sampling difference
[16:16:28]   attribution D gradient interpolation difference
[16:16:30]   attribution E shadow/blur precision difference
[16:16:32]   attribution F geometry antialiasing difference
[16:16:32]   attribution G100 layer/opacity blending difference
[16:16:33]   attribution G500 layer/opacity blending difference
[16:16:36]   attribution G1000 layer/opacity blending difference
[16:16:36] wrote /content/canvas-html/experiments/phase4a/results/colab-l4-4a2/correctness.json
