[14:46:05] effects 120 y0 gpu-gl old-render    median 11.735 p95 14.248 total 1471.359 ms (81.557 fps) peak RSS 1174 MiB
[14:46:07] effects 120 y0 gpu-gl render        median 10.879 p95 13.244 total 1371.732 ms (87.481 fps) peak RSS 1108.9 MiB
[14:46:09] effects 120 y0 gpu-gl render-clone  median 11.648 p95 14.17 total 1461.751 ms (82.093 fps) peak RSS 1116.6 MiB
[14:46:10] effects 120 y0 gpu-gl into          median 6.809 p95 9.027 total 870.282 ms (137.886 fps) peak RSS 237.8 MiB
[14:46:11] effects 120 y0 gpu-gl into-ring3    median 6.799 p95 9.079 total 879.413 ms (136.455 fps) peak RSS 253.8 MiB
[14:46:13] effects 120 y1 gpu-gl old-render    median 8.902 p95 13.279 total 1241.094 ms (96.689 fps) peak RSS 316 MiB
[14:46:14] effects 120 y1 gpu-gl render        median 8.578 p95 12.675 total 1169.337 ms (102.622 fps) peak RSS 308.5 MiB
[14:46:16] effects 120 y1 gpu-gl render-clone  median 8.871 p95 12.063 total 1191.152 ms (100.743 fps) peak RSS 318.4 MiB
[14:46:17] effects 120 y1 gpu-gl into          median 6.814 p95 9.111 total 877.583 ms (136.739 fps) peak RSS 237.8 MiB
[14:46:18] effects 120 y1 gpu-gl into-ring3    median 6.839 p95 9.291 total 886.804 ms (135.317 fps) peak RSS 253.7 MiB
[14:46:20] gsap 120 y0 gpu-gl old-render    median 8.838 p95 12.247 total 1118.331 ms (107.303 fps) peak RSS 1169.4 MiB
[14:46:21] gsap 120 y0 gpu-gl render        median 7.907 p95 11.788 total 1011.245 ms (118.666 fps) peak RSS 1107.2 MiB
[14:46:23] gsap 120 y0 gpu-gl render-clone  median 8.548 p95 12.49 total 1103.035 ms (108.791 fps) peak RSS 1114.7 MiB
[14:46:23] gsap 120 y0 gpu-gl into          median 3.822 p95 7.849 total 521.869 ms (229.943 fps) peak RSS 236.4 MiB
[14:46:24] gsap 120 y0 gpu-gl into-ring3    median 3.773 p95 7.832 total 528.021 ms (227.264 fps) peak RSS 252 MiB
[14:46:26] effects 120 y0 gpu-vulkan old-render    median 11.621 p95 14.478 total 1477.234 ms (81.233 fps) peak RSS 1177.4 MiB
[14:46:28] effects 120 y0 gpu-vulkan render        median 10.137 p95 12.543 total 1290.593 ms (92.98 fps) peak RSS 1157 MiB
[14:46:30] effects 120 y0 gpu-vulkan render-clone  median 11.533 p95 14.15 total 1449.744 ms (82.773 fps) peak RSS 1164.9 MiB
[14:46:32] effects 120 y0 gpu-vulkan into          median 6.947 p95 9.606 total 885.739 ms (135.48 fps) peak RSS 285.9 MiB
[14:46:33] effects 120 y0 gpu-vulkan into-ring3    median 7.106 p95 9.518 total 920.074 ms (130.424 fps) peak RSS 301.9 MiB
[14:46:35] effects 120 y1 gpu-vulkan old-render    median 8.659 p95 13.228 total 1205.258 ms (99.564 fps) peak RSS 364.3 MiB
[14:46:36] effects 120 y1 gpu-vulkan render        median 8.309 p95 12.02 total 1132.191 ms (105.989 fps) peak RSS 357 MiB
[14:46:38] effects 120 y1 gpu-vulkan render-clone  median 8.675 p95 12.781 total 1190.598 ms (100.79 fps) peak RSS 364.8 MiB
[14:46:39] effects 120 y1 gpu-vulkan into          median 6.87 p95 9.296 total 885.141 ms (135.572 fps) peak RSS 286 MiB
[14:46:41] effects 120 y1 gpu-vulkan into-ring3    median 7.166 p95 9.544 total 931.853 ms (128.776 fps) peak RSS 301.9 MiB
[14:46:42] gsap 120 y0 gpu-vulkan old-render    median 8.823 p95 12.354 total 1110.528 ms (108.057 fps) peak RSS 1177 MiB
[14:46:44] gsap 120 y0 gpu-vulkan render        median 7.478 p95 11.407 total 976.396 ms (122.901 fps) peak RSS 1158.7 MiB
[14:46:46] gsap 120 y0 gpu-vulkan render-clone  median 8.769 p95 13.02 total 1125.748 ms (106.596 fps) peak RSS 1164.9 MiB
[14:46:47] gsap 120 y0 gpu-vulkan into          median 4.014 p95 7.898 total 545.605 ms (219.939 fps) peak RSS 286.3 MiB
[14:46:48] gsap 120 y0 gpu-vulkan into-ring3    median 4.564 p95 8.345 total 600.575 ms (199.808 fps) peak RSS 301.7 MiB
